Microchip MPLAB XC8 Compiler V2.46

Linker command line:

-W-3 \
  --edf=C:\Program Files\Microchip\xc8\v2.46\pic\dat\20240104201356_en.msgs \
  -cn -h+dist/default/debug\projeto.X.debug.sym \
  --cmf=dist/default/debug\projeto.X.debug.cmf -z -Q18F4550 \
  -oC:\Users\Pessoal\AppData\Local\Temp\xcAs84o.\driver_tmp_3.o \
  --defsym=__MPLAB_BUILD=1 --fixupoverflow=error \
  -Mdist/default/debug/projeto.X.debug.map \
  --md=C:\Users\Pessoal\AppData\Local\Temp\xcAs84o.\driver_tmp_0.dat -E1 \
  -ver=XC8 Compiler --acfsm=1493 -ACODE=00h-07D3Fh -ACONST=00h-07D3Fh \
  -ASMALLCONST=0800h-08FFhx117,07D00h-07D3Fh -AMEDIUMCONST=0800h-07D3Fh \
  -ACOMRAM=01h-05Fh -AABS1=00h-03EEh,0400h-07FFh \
  -ABIGRAM=01h-03EEh,0400h-07FFh \
  -ARAM=060h-0FFh,0100h-01FFhx2,0300h-03EEh,0400h-04FFhx4 -ABANK0=060h-0FFh \
  -ABANK1=0100h-01FFh -ABANK2=0200h-02FFh -ABANK3=0300h-03EEh \
  -ABANK4=0400h-04FFh -ABANK5=0500h-05FFh -ABANK6=0600h-06FFh \
  -ABANK7=0700h-07FFh \
  -ASFR=0F60h-0F9Bh,0F9Dh-0FD3h,0FD5h-0FDAh,0FE0h-0FE2h,0FE8h-0FEAh,0FF0h-0FFBh \
  -ABIGSFR=0F60h-0F9Bh,0F9Dh-0FD3h,0FD5h-0FDAh,0FE0h-0FE2h,0FE8h-0FEAh,0FF0h-0FFBh \
  -ACONFIG=0300000h-030000Dh -AIDLOC=0200000h-0200007h \
  -AEEDATA=0F00000h-0F000FFh -peeprom_data=EEDATA \
  -preset_vec=00h,intcode,sivt_hi,intcodelo,sivt_lo,powerup,init \
  -pramtop=0800h -psmallconst=SMALLCONST -pmediumconst=MEDIUMCONST \
  -pconst=CONST -AFARRAM=00h-00h \
  -prdata=COMRAM,nvrram=COMRAM,nvbit=COMRAM,rbss=COMRAM,rbit=COMRAM \
  -pfarbss=FARRAM,fardata=FARRAM,nvFARRAM=FARRAM \
  -pintsave_regs=BIGRAM,bigbss=BIGRAM,bigdata=BIGRAM -pbss=RAM \
  -pidata=CODE,irdata=CODE,ibigdata=CODE,ifardata=CODE -prparam=COMRAM \
  C:\Users\Pessoal\AppData\Local\Temp\xcAs84o.\driver_tmp_9.o \
  dist/default/debug\projeto.X.debug.o 

Object code version is 3.11

Machine type is 18F4550



                Name                               Link     Load   Length Selector   Space Scale
C:\Users\Pessoal\AppData\Local\Temp\xcAs84o.\driver_tmp_9.o
                config                           300000   300000        8        0       4
                init                                  2        2        4        0       0
                reset_vec                             0        0        2        0       0
dist/default/debug\projeto.X.debug.o
                config                           300000   300000        8        0       4
                mediumconst                        7CA0     7CA0       A0     3E50       0
                text54                             71E0     71E0      24E     38F0       0
                text53                             6424     6424       2A     3212       0
                text52                             62EA     62EA        6     3175       0
                text51                             6DE4     6DE4       FC     36F2       0
                text50                             64FA     64FA       2E     327D       0
                text49                             636E     636E       18     31B7       0
                text48                             62F0     62F0        6     3178       0
                text47                             69AE     69AE       78     34D7       0
                text46                             6758     6758       48     33AC       0
                text45                             6A26     6A26       78     3513       0
                text44                             639E     639E       1A     31CF       0
                text43                             6310     6310        E     3188       0
                text42                             6342     6342       16     31A1       0
                text41                             62FE     62FE        8     317F       0
                text40                             62D8     62D8        2     316C       0
                text39                             742E     742E      24E     3A17       0
                text38                             644E     644E       2A     3227       0
                text37                             6EE0     6EE0      16A     3770       0
                text36                             661A     661A       38     330D       0
                text35                             6652     6652       38     3329       0
                text34                             65B2     65B2       32     32D9       0
                text33                             6478     6478       2A     323C       0
                text32                             6528     6528       2E     3294       0
                text31                             6894     6894       58     344A       0
                text30                             67EA     67EA       54     33F5       0
                text29                             66CC     66CC       46     3366       0
                text28                             68EC     68EC       60     3476       0
                text27                             6712     6712       46     3389       0
                text26                             6556     6556       2E     32AB       0
                text25                             67A0     67A0       4A     33D0       0
                text24                             6B18     6B18       90     358C       0
                text23                             631E     631E       10     318F       0
                text22                             6C58     6C58       C4     362C       0
                text21                             6BA8     6BA8       B0     35D4       0
                text20                             694C     694C       62     34A6       0
                text19                             62DA     62DA        4     316D       0
                text18                             62DE     62DE        4     316F       0
                text17                             64A2     64A2       2C     3251       0
                text16                             6358     6358       16     31AC       0
                text15                             63FC     63FC       28     31FE       0
                text14                             704A     704A      196     3825       0
                text13                             62E2     62E2        4     3171       0
                text12                             63D6     63D6       26     31EB       0
                text11                             668A     668A       42     3345       0
                text10                             64CE     64CE       2C     3267       0
                text9                              62E6     62E6        4     3173       0
                text8                              6306     6306        A     3183       0
                text7                              63B8     63B8       1E     31DC       0
                text6                              6D1C     6D1C       C8     368E       0
                text5                              65E4     65E4       36     32F2       0
                text4                              767C     767C      2E0     3B3E       0
                text3                              6584     6584       2E     32C2       0
                text2                              6386     6386       18     31C3       0
                text1                              795C     795C      344     3CAE       0
                text0                              6A9E     6A9E       7A     354F       0
                cstackCOMRAM                          1        1       2A        1       1
                dataBANK0                            60       60       14       60       1
                dataCOMRAM                           53       53        7        1       1
                bssCOMRAM                            2B       2B       28        1       1
                cinit                              683E     683E       56     341F       0
                idataBANK0                         632E     632E       14     632E       0
                idataCOMRAM                        62F7     62F7        7     62F7       0

TOTAL           Name                               Link     Load   Length     Space
        CLASS   CODE           
                init                                  2        2        4         0
                reset_vec                             0        0        2         0
                text54                             71E0     71E0      24E         0
                text53                             6424     6424       2A         0
                text52                             62EA     62EA        6         0
                text51                             6DE4     6DE4       FC         0
                text50                             64FA     64FA       2E         0
                text49                             636E     636E       18         0
                text48                             62F0     62F0        6         0
                text47                             69AE     69AE       78         0
                text46                             6758     6758       48         0
                text45                             6A26     6A26       78         0
                text44                             639E     639E       1A         0
                text43                             6310     6310        E         0
                text42                             6342     6342       16         0
                text41                             62FE     62FE        8         0
                text40                             62D8     62D8        2         0
                text39                             742E     742E      24E         0
                text38                             644E     644E       2A         0
                text37                             6EE0     6EE0      16A         0
                text36                             661A     661A       38         0
                text35                             6652     6652       38         0
                text34                             65B2     65B2       32         0
                text33                             6478     6478       2A         0
                text32                             6528     6528       2E         0
                text31                             6894     6894       58         0
                text30                             67EA     67EA       54         0
                text29                             66CC     66CC       46         0
                text28                             68EC     68EC       60         0
                text27                             6712     6712       46         0
                text26                             6556     6556       2E         0
                text25                             67A0     67A0       4A         0
                text24                             6B18     6B18       90         0
                text23                             631E     631E       10         0
                text22                             6C58     6C58       C4         0
                text21                             6BA8     6BA8       B0         0
                text20                             694C     694C       62         0
                text19                             62DA     62DA        4         0
                text18                             62DE     62DE        4         0
                text17                             64A2     64A2       2C         0
                text16                             6358     6358       16         0
                text15                             63FC     63FC       28         0
                text14                             704A     704A      196         0
                text13                             62E2     62E2        4         0
                text12                             63D6     63D6       26         0
                text11                             668A     668A       42         0
                text10                             64CE     64CE       2C         0
                text9                              62E6     62E6        4         0
                text8                              6306     6306        A         0
                text7                              63B8     63B8       1E         0
                text6                              6D1C     6D1C       C8         0
                text5                              65E4     65E4       36         0
                text4                              767C     767C      2E0         0
                text3                              6584     6584       2E         0
                text2                              6386     6386       18         0
                text1                              795C     795C      344         0
                text0                              6A9E     6A9E       7A         0
                cinit                              683E     683E       56         0
                idataBANK0                         632E     632E       14         0
                idataCOMRAM                        62F7     62F7        7         0

        CLASS   CONST          

        CLASS   SMALLCONST     

        CLASS   MEDIUMCONST    
                mediumconst                        7CA0     7CA0       A0         0

        CLASS   COMRAM         
                cstackCOMRAM                          1        1       2A         1
                dataCOMRAM                           53       53        7         1
                bssCOMRAM                            2B       2B       28         1

        CLASS   ABS1           

        CLASS   BIGRAM         

        CLASS   RAM            

        CLASS   BANK0          
                dataBANK0                            60       60       14         1

        CLASS   BANK1          

        CLASS   BANK2          

        CLASS   BANK3          

        CLASS   BANK4          

        CLASS   BANK5          

        CLASS   BANK6          

        CLASS   BANK7          

        CLASS   SFR            

        CLASS   BIGSFR         

        CLASS   CONFIG         
                config                           300000   300000        8         4

        CLASS   IDLOC          

        CLASS   EEDATA         

        CLASS   FARRAM         

        CLASS   HEAP           

        CLASS   STACK          



SEGMENTS        Name                           Load    Length   Top    Selector   Space  Class

                reset_vec                      000000  000006  000006         0       0  CODE    
                cstackCOMRAM                   000001  000059  00005A         1       1  COMRAM  
                dataBANK0                      000060  000014  000074        60       1  BANK0   
                text40                         0062D8  000002  0062DA      316C       0  CODE    
                text19                         0062DA  000004  0062DE      316D       0  CODE    
                text18                         0062DE  000004  0062E2      316F       0  CODE    
                text13                         0062E2  000004  0062E6      3171       0  CODE    
                text9                          0062E6  000004  0062EA      3173       0  CODE    
                text52                         0062EA  000006  0062F0      3175       0  CODE    
                text48                         0062F0  000006  0062F6      3178       0  CODE    
                idataCOMRAM                    0062F7  000007  0062FE      62F7       0  CODE    
                text41                         0062FE  000008  006306      317F       0  CODE    
                text8                          006306  00000A  006310      3183       0  CODE    
                text43                         006310  00000E  00631E      3188       0  CODE    
                text23                         00631E  000010  00632E      318F       0  CODE    
                idataBANK0                     00632E  000014  006342      632E       0  CODE    
                text42                         006342  000016  006358      31A1       0  CODE    
                text16                         006358  000016  00636E      31AC       0  CODE    
                text49                         00636E  000018  006386      31B7       0  CODE    
                text2                          006386  000018  00639E      31C3       0  CODE    
                text44                         00639E  00001A  0063B8      31CF       0  CODE    
                text7                          0063B8  00001E  0063D6      31DC       0  CODE    
                text12                         0063D6  000026  0063FC      31EB       0  CODE    
                text15                         0063FC  000028  006424      31FE       0  CODE    
                text53                         006424  00002A  00644E      3212       0  CODE    
                text38                         00644E  00002A  006478      3227       0  CODE    
                text33                         006478  00002A  0064A2      323C       0  CODE    
                text17                         0064A2  00002C  0064CE      3251       0  CODE    
                text10                         0064CE  00002C  0064FA      3267       0  CODE    
                text50                         0064FA  00002E  006528      327D       0  CODE    
                text32                         006528  00002E  006556      3294       0  CODE    
                text26                         006556  00002E  006584      32AB       0  CODE    
                text3                          006584  00002E  0065B2      32C2       0  CODE    
                text34                         0065B2  000032  0065E4      32D9       0  CODE    
                text5                          0065E4  000036  00661A      32F2       0  CODE    
                text36                         00661A  000038  006652      330D       0  CODE    
                text35                         006652  000038  00668A      3329       0  CODE    
                text11                         00668A  000042  0066CC      3345       0  CODE    
                text29                         0066CC  000046  006712      3366       0  CODE    
                text27                         006712  000046  006758      3389       0  CODE    
                text46                         006758  000048  0067A0      33AC       0  CODE    
                text25                         0067A0  00004A  0067EA      33D0       0  CODE    
                text30                         0067EA  000054  00683E      33F5       0  CODE    
                cinit                          00683E  000056  006894      341F       0  CODE    
                text31                         006894  000058  0068EC      344A       0  CODE    
                text28                         0068EC  000060  00694C      3476       0  CODE    
                text20                         00694C  000062  0069AE      34A6       0  CODE    
                text47                         0069AE  000078  006A26      34D7       0  CODE    
                text45                         006A26  000078  006A9E      3513       0  CODE    
                text0                          006A9E  00007A  006B18      354F       0  CODE    
                text24                         006B18  000090  006BA8      358C       0  CODE    
                text21                         006BA8  0000B0  006C58      35D4       0  CODE    
                text22                         006C58  0000C4  006D1C      362C       0  CODE    
                text6                          006D1C  0000C8  006DE4      368E       0  CODE    
                text51                         006DE4  0000FC  006EE0      36F2       0  CODE    
                text37                         006EE0  00016A  00704A      3770       0  CODE    
                text14                         00704A  000196  0071E0      3825       0  CODE    
                text54                         0071E0  00024E  00742E      38F0       0  CODE    
                text39                         00742E  00024E  00767C      3A17       0  CODE    
                text4                          00767C  0002E0  00795C      3B3E       0  CODE    
                text1                          00795C  000344  007CA0      3CAE       0  CODE    
                mediumconst                    007CA0  0000A0  007D40      3E50       0  MEDIUMCO


UNUSED ADDRESS RANGES

        Name                Unused          Largest block    Delta
        BANK0            000074-0000FF               8C
        BANK1            000100-0001FF              100
        BANK2            000200-0002FF              100
        BANK3            000300-0003EE               EF
        BANK4            000400-0004FF              100
        BANK5            000500-0005FF              100
        BANK6            000600-0006FF              100
        BANK7            000700-0007FF              100
        BIGRAM           00005A-00005F                6
                         000074-0003EE              37B
                         000400-0007FF              400
        BIGSFR           000F60-000F9B               3C
                         000F9D-000FD3               37
                         000FD5-000FDA                6
                         000FE0-000FE2                3
                         000FE8-000FEA                3
                         000FF0-000FFB                C
        CODE             000006-0062D7             62D2
                         0062F6-0062F6                1
        COMRAM           00005A-00005F                6
        CONFIG           300008-30000D                6
        CONST            000006-0062D7             62D2
                         0062F6-0062F6                1
        EEDATA           F00000-F000FF              100
        IDLOC            200000-200007                8
        MEDIUMCONST      000800-0062D7             5AD8
                         0062F6-0062F6                1
        RAM              000074-0003EE              100
                         000400-0007FF              100
        SFR              000F60-000F9B               3C
                         000F9D-000FD3               37
                         000FD5-000FDA                6
                         000FE0-000FE2                3
                         000FE8-000FEA                3
                         000FF0-000FFB                C
        SMALLCONST       000800-0062D7              100
                         0062F6-0062F6                1

                                  Symbol Table

?___awdiv                   cstackCOMRAM 000001
?___awmod                   cstackCOMRAM 000009
?___wmul                    cstackCOMRAM 000009
?_bcd2dec                   cstackCOMRAM 000013
?_dec2bcd                   cstackCOMRAM 000017
?_digitalRead               cstackCOMRAM 000001
?_dsReadData                cstackCOMRAM 00000E
?_eventRead                 cstackCOMRAM 000003
?_getAlarmLevel             cstackCOMRAM 000001
?_getTime                   cstackCOMRAM 000001
Delay2ms@j                  cstackCOMRAM 000001
Delay2ms@k                  cstackCOMRAM 000002
Delay40us@j                 cstackCOMRAM 000001
_Delay2ms                   text50       0064FA
_Delay40us                  text49       00636E
_I2C_delay                  text40       0062D8
_LATA                       (abs)        000F89
_PORTA                      (abs)        000F80
_PORTB                      (abs)        000F81
_PORTC                      (abs)        000F82
_PORTD                      (abs)        000F83
_PORTE                      (abs)        000F84
_TRISA                      (abs)        000F92
_TRISB                      (abs)        000F93
_TRISC                      (abs)        000F94
_TRISD                      (abs)        000F95
_TRISE                      (abs)        000F96
__HRAM                      (abs)        000000
__H__absolute__             __absolute__ 000000
__Habs1                     abs1         000000
__Hbank0                    bank0        000000
__Hbank1                    bank1        000000
__Hbank2                    bank2        000000
__Hbank3                    bank3        000000
__Hbank4                    bank4        000000
__Hbank5                    bank5        000000
__Hbank6                    bank6        000000
__Hbank7                    bank7        000000
__Hbigbss                   bigbss       000000
__Hbigdata                  bigdata      000000
__Hbigram                   bigram       000000
__Hbigsfr                   bigsfr       000000
__Hbss                      bss          000000
__HbssCOMRAM                bssCOMRAM    000000
__Hcinit                    cinit        000000
__Hclrtext                  clrtext      000000
__Hcomram                   comram       000000
__Hconfig                   config       300008
__Hconst                    const        000000
__HcstackCOMRAM             cstackCOMRAM 000000
__Hdata                     data         000000
__HdataBANK0                dataBANK0    000000
__HdataCOMRAM               dataCOMRAM   000000
__Heeprom_data              eeprom_data  000000
__Hfarbss                   farbss       000000
__Hfardata                  fardata      000000
__Hheap                     heap         000000
__Hibigdata                 ibigdata     000000
__Hidata                    idata        000000
__HidataBANK0               idataBANK0   000000
__HidataCOMRAM              idataCOMRAM  000000
__Hidloc                    idloc        000000
__Hifardata                 ifardata     000000
__Hinit                     init         000006
__Hintcode                  intcode      000002
__Hintcode_body             intcode_body 000000
__Hintcodelo                intcodelo    000002
__Hintentry                 intentry     000000
__Hintret                   intret       000000
__Hintsave_regs             intsave_regs 000000
__Hirdata                   irdata       000000
__Hmediumconst              mediumconst  007D40
__HnvFARRAM                 nvFARRAM     000000
__Hnvbit                    nvbit        000000
__Hnvrram                   nvrram       000000
__Hparam                    rparam       000000
__Hpowerup                  powerup      000002
__Hram                      ram          000000
__Hramtop                   ramtop       000800
__Hrbit                     rbit         000000
__Hrbss                     rbss         000000
__Hrdata                    rdata        000000
__Hreset_vec                reset_vec    000002
__Hrparam                   rparam       000000
__Hsfr                      sfr          000000
__Hsivt_hi                  sivt_hi      000002
__Hsivt_lo                  sivt_lo      000002
__Hsmallconst               smallconst   000000
__Hspace_0                  (abs)        007D40
__Hspace_1                  (abs)        000074
__Hspace_2                  (abs)        000000
__Hspace_4                  (abs)        600008
__Hstack                    stack        000000
__Hstruct                   struct       000000
__Htemp                     temp         000000
__Htext                     text         000000
__Htext0                    text0        000000
__Htext1                    text1        000000
__Htext10                   text10       000000
__Htext11                   text11       000000
__Htext12                   text12       000000
__Htext13                   text13       000000
__Htext14                   text14       000000
__Htext15                   text15       000000
__Htext16                   text16       000000
__Htext17                   text17       000000
__Htext18                   text18       000000
__Htext19                   text19       000000
__Htext2                    text2        000000
__Htext20                   text20       000000
__Htext21                   text21       000000
__Htext22                   text22       000000
__Htext23                   text23       000000
__Htext24                   text24       000000
__Htext25                   text25       000000
__Htext26                   text26       000000
__Htext27                   text27       000000
__Htext28                   text28       000000
__Htext29                   text29       000000
__Htext3                    text3        000000
__Htext30                   text30       000000
__Htext31                   text31       000000
__Htext32                   text32       000000
__Htext33                   text33       000000
__Htext34                   text34       000000
__Htext35                   text35       000000
__Htext36                   text36       000000
__Htext37                   text37       000000
__Htext38                   text38       000000
__Htext39                   text39       000000
__Htext4                    text4        000000
__Htext40                   text40       000000
__Htext41                   text41       000000
__Htext42                   text42       000000
__Htext43                   text43       000000
__Htext44                   text44       000000
__Htext45                   text45       000000
__Htext46                   text46       000000
__Htext47                   text47       000000
__Htext48                   text48       000000
__Htext49                   text49       000000
__Htext5                    text5        000000
__Htext50                   text50       000000
__Htext51                   text51       000000
__Htext52                   text52       000000
__Htext53                   text53       000000
__Htext54                   text54       000000
__Htext6                    text6        000000
__Htext7                    text7        000000
__Htext8                    text8        000000
__Htext9                    text9        000000
__LRAM                      (abs)        000001
__L__absolute__             __absolute__ 000000
__Labs1                     abs1         000000
__Lbank0                    bank0        000000
__Lbank1                    bank1        000000
__Lbank2                    bank2        000000
__Lbank3                    bank3        000000
__Lbank4                    bank4        000000
__Lbank5                    bank5        000000
__Lbank6                    bank6        000000
__Lbank7                    bank7        000000
__Lbigbss                   bigbss       000000
__Lbigdata                  bigdata      000000
__Lbigram                   bigram       000000
__Lbigsfr                   bigsfr       000000
__Lbss                      bss          000000
__LbssCOMRAM                bssCOMRAM    000000
__Lcinit                    cinit        000000
__Lclrtext                  clrtext      000000
__Lcomram                   comram       000000
__Lconfig                   config       000000
__Lconst                    const        000000
__LcstackCOMRAM             cstackCOMRAM 000000
__Ldata                     data         000000
__LdataBANK0                dataBANK0    000000
__LdataCOMRAM               dataCOMRAM   000000
__Leeprom_data              eeprom_data  000000
__Lfarbss                   farbss       000000
__Lfardata                  fardata      000000
__Lheap                     heap         000000
__Libigdata                 ibigdata     000000
__Lidata                    idata        000000
__LidataBANK0               idataBANK0   000000
__LidataCOMRAM              idataCOMRAM  000000
__Lidloc                    idloc        000000
__Lifardata                 ifardata     000000
__Linit                     init         000002
__Lintcode                  intcode      000002
__Lintcode_body             intcode_body 000000
__Lintcodelo                intcodelo    000002
__Lintentry                 intentry     000000
__Lintret                   intret       000000
__Lintsave_regs             intsave_regs 000000
__Lirdata                   irdata       000000
__Lmediumconst              mediumconst  007CA0
__LnvFARRAM                 nvFARRAM     000000
__Lnvbit                    nvbit        000000
__Lnvrram                   nvrram       000000
__Lparam                    rparam       000000
__Lpowerup                  powerup      000002
__Lram                      ram          000000
__Lramtop                   ramtop       000800
__Lrbit                     rbit         000000
__Lrbss                     rbss         000000
__Lrdata                    rdata        000000
__Lreset_vec                reset_vec    000000
__Lrparam                   rparam       000000
__Lsfr                      sfr          000000
__Lsivt_hi                  sivt_hi      000002
__Lsivt_lo                  sivt_lo      000002
__Lsmallconst               smallconst   000000
__Lspace_0                  (abs)        000000
__Lspace_1                  (abs)        000000
__Lspace_2                  (abs)        000000
__Lspace_4                  (abs)        000000
__Lstack                    stack        000000
__Lstruct                   struct       000000
__Ltemp                     temp         000000
__Ltext                     text         000000
__Ltext0                    text0        000000
__Ltext1                    text1        000000
__Ltext10                   text10       000000
__Ltext11                   text11       000000
__Ltext12                   text12       000000
__Ltext13                   text13       000000
__Ltext14                   text14       000000
__Ltext15                   text15       000000
__Ltext16                   text16       000000
__Ltext17                   text17       000000
__Ltext18                   text18       000000
__Ltext19                   text19       000000
__Ltext2                    text2        000000
__Ltext20                   text20       000000
__Ltext21                   text21       000000
__Ltext22                   text22       000000
__Ltext23                   text23       000000
__Ltext24                   text24       000000
__Ltext25                   text25       000000
__Ltext26                   text26       000000
__Ltext27                   text27       000000
__Ltext28                   text28       000000
__Ltext29                   text29       000000
__Ltext3                    text3        000000
__Ltext30                   text30       000000
__Ltext31                   text31       000000
__Ltext32                   text32       000000
__Ltext33                   text33       000000
__Ltext34                   text34       000000
__Ltext35                   text35       000000
__Ltext36                   text36       000000
__Ltext37                   text37       000000
__Ltext38                   text38       000000
__Ltext39                   text39       000000
__Ltext4                    text4        000000
__Ltext40                   text40       000000
__Ltext41                   text41       000000
__Ltext42                   text42       000000
__Ltext43                   text43       000000
__Ltext44                   text44       000000
__Ltext45                   text45       000000
__Ltext46                   text46       000000
__Ltext47                   text47       000000
__Ltext48                   text48       000000
__Ltext49                   text49       000000
__Ltext5                    text5        000000
__Ltext50                   text50       000000
__Ltext51                   text51       000000
__Ltext52                   text52       000000
__Ltext53                   text53       000000
__Ltext54                   text54       000000
__Ltext6                    text6        000000
__Ltext7                    text7        000000
__Ltext8                    text8        000000
__Ltext9                    text9        000000
__S0                        (abs)        007D40
__S1                        (abs)        000074
__S4                        (abs)        000000
__S5                        (abs)        000000
___awdiv                    text22       006C58
___awdiv@counter            cstackCOMRAM 000005
___awdiv@dividend           cstackCOMRAM 000001
___awdiv@divisor            cstackCOMRAM 000003
___awdiv@quotient           cstackCOMRAM 000007
___awdiv@sign               cstackCOMRAM 000006
___awmod                    text21       006BA8
___awmod@counter            cstackCOMRAM 00000D
___awmod@dividend           cstackCOMRAM 000009
___awmod@divisor            cstackCOMRAM 00000B
___awmod@sign               cstackCOMRAM 00000E
___heap_hi                  (abs)        000000
___heap_lo                  (abs)        000000
___inthi_sp                 stack        000000
___inthi_stack_hi           stack        000000
___inthi_stack_lo           stack        000000
___intlo_sp                 stack        000000
___intlo_stack_hi           stack        000000
___intlo_stack_lo           stack        000000
___param_bank               (abs)        000000
___rparam_used              (abs)        000001
___sp                       stack        000000
___stack_hi                 stack        000000
___stack_lo                 stack        000000
___wmul                     text12       0063D6
___wmul@multiplicand        cstackCOMRAM 00000B
___wmul@multiplier          cstackCOMRAM 000009
___wmul@product             cstackCOMRAM 00000D
__accesstop                 (abs)        000060
__activetblptr              (abs)        000002
__end_of_Delay2ms           text50       006528
__end_of_Delay40us          text49       006386
__end_of_I2C_delay          text40       0062DA
__end_of___awdiv            text22       006D1C
__end_of___awmod            text21       006C58
__end_of___wmul             text12       0063FC
__end_of__initialization    cinit        00688A
__end_of_bcd2dec            text11       0066CC
__end_of_clear_SCL          text38       006478
__end_of_clear_SDA          text33       0064A2
__end_of_dec2bcd            text20       0069AE
__end_of_digitalRead        text37       00704A
__end_of_digitalWrite       text39       00767C
__end_of_dsInit             text52       0062F0
__end_of_dsReadData         text27       006758
__end_of_dsWriteData        text26       006584
__end_of_eventInit          text42       006358
__end_of_eventRead          text14       0071E0
__end_of_getAlarmLevel      text10       0064FA
__end_of_getLanguage        text9        0062EA
__end_of_getProt            text19       0062DE
__end_of_getState           text13       0062E6
__end_of_getTime            text8        006310
__end_of_i2cInit            text53       00644E
__end_of_i2cReadByte        text30       00683E
__end_of_i2cWriteByte       text28       00694C
__end_of_i2c_read_bit       text34       0065E4
__end_of_i2c_start          text29       006712
__end_of_i2c_stop           text32       006556
__end_of_i2c_write_bit      text31       0068EC
__end_of_kpDebounce         text51       006EE0
__end_of_kpInit             text43       00631E
__end_of_kpRead             text18       0062E2
__end_of_lcdCommand         text46       0067A0
__end_of_lcdCommand4bits    text47       006A26
__end_of_lcdData            text7        0063D6
__end_of_lcdInit            text45       006A9E
__end_of_lcdInt             text6        006DE4
__end_of_lcdString          text5        00661A
__end_of_main               text0        006B18
__end_of_outputPrint        text4        00795C
__end_of_pinMode            text54       00742E
__end_of_pulseEnable        text48       0062F6
__end_of_read_SCL           text36       006652
__end_of_read_SDA           text35       00668A
__end_of_resetProt          text3        0065B2
__end_of_serialInit         text44       0063B8
__end_of_serialRead         text17       0064CE
__end_of_serialSend         text16       00636E
__end_of_setAlarmLevel      text25       0067EA
__end_of_setLanguage        text2        00639E
__end_of_setProt            text15       006424
__end_of_setState           text41       006306
__end_of_smInit             text23       00632E
__end_of_smLoop             text1        007CA0
__end_of_valor@ssd$F319     mediumconst  007CB1
__end_of_varInit            text24       006BA8
__initialization            cinit        00683E
__mediumconst               mediumconst  007CA0
__pbssCOMRAM                bssCOMRAM    00002B
__pcinit                    cinit        00683E
__pcstackCOMRAM             cstackCOMRAM 000001
__pdataBANK0                dataBANK0    000060
__pdataCOMRAM               dataCOMRAM   000053
__pidataBANK0               idataBANK0   00632E
__pidataCOMRAM              idataCOMRAM  0062F7
__pmediumconst              mediumconst  007CA0
__ptext0                    text0        006A9E
__ptext1                    text1        00795C
__ptext10                   text10       0064CE
__ptext11                   text11       00668A
__ptext12                   text12       0063D6
__ptext13                   text13       0062E2
__ptext14                   text14       00704A
__ptext15                   text15       0063FC
__ptext16                   text16       006358
__ptext17                   text17       0064A2
__ptext18                   text18       0062DE
__ptext19                   text19       0062DA
__ptext2                    text2        006386
__ptext20                   text20       00694C
__ptext21                   text21       006BA8
__ptext22                   text22       006C58
__ptext23                   text23       00631E
__ptext24                   text24       006B18
__ptext25                   text25       0067A0
__ptext26                   text26       006556
__ptext27                   text27       006712
__ptext28                   text28       0068EC
__ptext29                   text29       0066CC
__ptext3                    text3        006584
__ptext30                   text30       0067EA
__ptext31                   text31       006894
__ptext32                   text32       006528
__ptext33                   text33       006478
__ptext34                   text34       0065B2
__ptext35                   text35       006652
__ptext36                   text36       00661A
__ptext37                   text37       006EE0
__ptext38                   text38       00644E
__ptext39                   text39       00742E
__ptext4                    text4        00767C
__ptext40                   text40       0062D8
__ptext41                   text41       0062FE
__ptext42                   text42       006342
__ptext43                   text43       006310
__ptext44                   text44       00639E
__ptext45                   text45       006A26
__ptext46                   text46       006758
__ptext47                   text47       0069AE
__ptext48                   text48       0062F0
__ptext49                   text49       00636E
__ptext5                    text5        0065E4
__ptext50                   text50       0064FA
__ptext51                   text51       006DE4
__ptext52                   text52       0062EA
__ptext53                   text53       006424
__ptext54                   text54       0071E0
__ptext6                    text6        006D1C
__ptext7                    text7        0063B8
__ptext8                    text8        006306
__ptext9                    text9        0062E6
__ramtop                    ramtop       000800
__smallconst                smallconst   000000
_alarmLevelHigh             bssCOMRAM    00003E
_alarmLevelLow              bssCOMRAM    00003D
_bcd2dec                    text11       00668A
_clear_SCL                  text38       00644E
_clear_SDA                  text33       006478
_de                         bssCOMRAM    000049
_dec2bcd                    text20       00694C
_digitalRead                text37       006EE0
_digitalWrite               text39       00742E
_display                    bssCOMRAM    000047
_dsInit                     text52       0062EA
_dsReadData                 text27       006712
_dsWriteData                text26       006556
_estado_ant                 bssCOMRAM    000041
_ev_ant                     bssCOMRAM    00003A
_eventInit                  text42       006342
_eventRead                  text14       00704A
_getAlarmLevel              text10       0064CE
_getLanguage                text9        0062E6
_getProt                    text19       0062DA
_getState                   text13       0062E2
_getTime                    text8        006306
_i2cInit                    text53       006424
_i2cReadByte                text30       0067EA
_i2cWriteByte               text28       0068EC
_i2c_read_bit               text34       0065B2
_i2c_start                  text29       0066CC
_i2c_stop                   text32       006528
_i2c_write_bit              text31       006894
_index                      bssCOMRAM    00003C
_key                        bssCOMRAM    000036
_key_ant                    bssCOMRAM    000038
_kpDebounce                 text51       006DE4
_kpInit                     text43       006310
_kpRead                     text18       0062DE
_language                   bssCOMRAM    00003F
_lcdCommand                 text46       006758
_lcdCommand4bits            text47       0069AE
_lcdData                    text7        0063B8
_lcdInit                    text45       006A26
_lcdInt                     text6        006D1C
_lcdString                  text5        0065E4
_main                       text0        006A9E
_msgs                       dataBANK0    000060
_outputPrint                text4        00767C
_pinMode                    text54       0071E0
_prot                       bssCOMRAM    00004E
_prot_ready                 bssCOMRAM    000042
_pulseEnable                text48       0062F0
_read_SCL                   text36       00661A
_read_SDA                   text35       006652
_resetProt                  text3        006584
_serialInit                 text44       00639E
_serialRead                 text17       0064A2
_serialSend                 text16       006358
_setAlarmLevel              text25       0067A0
_setLanguage                text2        006386
_setProt                    text15       0063FC
_setState                   text41       0062FE
_smInit                     text23       00631E
_smLoop                     text1        00795C
_smLoop$1412                cstackCOMRAM 000027
_started                    bssCOMRAM    000048
_state                      bssCOMRAM    000040
_time                       bssCOMRAM    000030
_v0                         bssCOMRAM    000046
_v1                         bssCOMRAM    000045
_v2                         bssCOMRAM    000044
_v3                         bssCOMRAM    000043
_valor                      bssCOMRAM    00004D
_valor@ssd$F319             mediumconst  007CA1
_varInit                    text24       006B18
bcd2dec@value               cstackCOMRAM 000013
dec2bcd@value               cstackCOMRAM 000017
digitalRead@pin             cstackCOMRAM 000001
digitalWrite@pin            cstackCOMRAM 000001
digitalWrite@value          cstackCOMRAM 000003
dsReadData@address          cstackCOMRAM 00000E
dsReadData@result           cstackCOMRAM 000011
dsWriteData@address         cstackCOMRAM 00001D
dsWriteData@value           cstackCOMRAM 00001F
end_of_initialization       cinit        00688A
eventRead@data              cstackCOMRAM 000009
eventRead@ev                cstackCOMRAM 000007
eventRead@key               cstackCOMRAM 00000A
eventRead@prot              cstackCOMRAM 000006
getAlarmLevel@l             cstackCOMRAM 000003
getAlarmLevel@lh            cstackCOMRAM 000001
i2cReadByte@bit             cstackCOMRAM 00000B
i2cReadByte@byte            cstackCOMRAM 00000D
i2cReadByte@nack            cstackCOMRAM 00000A
i2cReadByte@send_stop       cstackCOMRAM 000008
i2cWriteByte@bit            cstackCOMRAM 00000B
i2cWriteByte@byte           cstackCOMRAM 000009
i2cWriteByte@send_start     cstackCOMRAM 00000A
i2cWriteByte@send_stop      cstackCOMRAM 000008
i2c_read_bit@bit            cstackCOMRAM 000007
i2c_write_bit@bit           cstackCOMRAM 000007
intlevel0                   text         000000
intlevel1                   text         000000
intlevel2                   text         000000
intlevel3                   text         000000
isa$std                     (abs)        000001
isa$xinst                   (abs)        000000
kpDebounce@F15              dataCOMRAM   000053
kpDebounce@bits             cstackCOMRAM 000004
kpDebounce@j                cstackCOMRAM 00000E
kpDebounce@portes           cstackCOMRAM 000009
kpDebounce@tempo            bssCOMRAM    00004C
kpDebounce@valorAntigo      bssCOMRAM    00004A
kpDebounce@valorNovo        bssCOMRAM    00004B
lcdCommand4bits@cmd         cstackCOMRAM 000002
lcdCommand4bits@data        cstackCOMRAM 000001
lcdCommand@cmd              cstackCOMRAM 000003
lcdData@valor               cstackCOMRAM 000003
lcdInit@i                   cstackCOMRAM 000004
lcdInt@digNum               cstackCOMRAM 000019
lcdInt@divisor              cstackCOMRAM 00001D
lcdInt@i                    cstackCOMRAM 00001F
lcdInt@j                    cstackCOMRAM 00001B
lcdInt@val                  cstackCOMRAM 000017
lcdString@str               cstackCOMRAM 000004
outputPrint@idioma          cstackCOMRAM 000023
outputPrint@numTela         cstackCOMRAM 000021
pinMode@pin                 cstackCOMRAM 000001
pinMode@type                cstackCOMRAM 000003
resetProt@i                 cstackCOMRAM 000001
serialRead@resp             cstackCOMRAM 000001
serialSend@c                cstackCOMRAM 000001
setAlarmLevel@lh            cstackCOMRAM 000022
setAlarmLevel@newAlarmLevel cstackCOMRAM 000020
setLanguage@newLanguage     cstackCOMRAM 000020
setProt@newChar             cstackCOMRAM 000001
setState@newState           cstackCOMRAM 000001
smLoop@evento               cstackCOMRAM 00002A
smLoop@prot                 cstackCOMRAM 000029
stackhi                     (abs)        000000
stacklo                     (abs)        000000
start                       init         000002
start_initialization        cinit        00683E


MODULE INFORMATION

Module		Function		Class		Link	Load	Size
serial.c
		_serialSend    		CODE           	6358	0000	22
		_serialInit    		CODE           	639E	0000	26
		_serialRead    		CODE           	64A2	0000	44

serial.c estimated size: 92

stateMachine.c
		_smLoop        		CODE           	795C	0000	836
		_smInit        		CODE           	631E	0000	16

stateMachine.c estimated size: 852

keypad.c
		_kpInit        		CODE           	6310	0000	14
		_kpDebounce    		CODE           	6DE4	0000	252
		_kpRead        		CODE           	62DE	0000	4

keypad.c estimated size: 270

C:\Program Files\Microchip\xc8\v2.46\pic\sources\c99\common\awdiv.c
		___awdiv       		CODE           	6C58	0000	196

C:\Program Files\Microchip\xc8\v2.46\pic\sources\c99\common\awdiv.c estimated size: 196

var.c
		_resetProt     		CODE           	6584	0000	46
		_getLanguage   		CODE           	62E6	0000	4
		_setLanguage   		CODE           	6386	0000	24
		_getAlarmLevel 		CODE           	64CE	0000	44
		_varInit       		CODE           	6B18	0000	144
		_setAlarmLevel 		CODE           	67A0	0000	74
		_getState      		CODE           	62E2	0000	4
		_getTime       		CODE           	6306	0000	10
		_setState      		CODE           	62FE	0000	8
		_getProt       		CODE           	62DA	0000	4
		_setProt       		CODE           	63FC	0000	40

var.c estimated size: 402

io.c
		_digitalRead   		CODE           	6EE0	0000	362
		_digitalWrite  		CODE           	742E	0000	590
		_pinMode       		CODE           	71E0	0000	590

io.c estimated size: 1542

ds1307.c
		_dsInit        		CODE           	62EA	0000	6
		_dec2bcd       		CODE           	694C	0000	98
		_dsWriteData   		CODE           	6556	0000	46
		_dsReadData    		CODE           	6712	0000	70
		_bcd2dec       		CODE           	668A	0000	66

ds1307.c estimated size: 286

output.c
		_outputPrint   		CODE           	767C	0000	736

output.c estimated size: 736

shared
		__initialization		CODE           	683E	0000	76
		_valor@ssd$F319		MEDIUMCONST    	7CA1	0000	16

shared estimated size: 92

C:\Program Files\Microchip\xc8\v2.46\pic\sources\c99\common\Umul16.c
		___wmul        		CODE           	63D6	0000	38

C:\Program Files\Microchip\xc8\v2.46\pic\sources\c99\common\Umul16.c estimated size: 38

lcd.c
		_lcdCommand    		CODE           	6758	0000	72
		_pulseEnable   		CODE           	62F0	0000	6
		_lcdString     		CODE           	65E4	0000	54
		_lcdCommand4bits		CODE           	69AE	0000	120
		_Delay40us     		CODE           	636E	0000	24
		_lcdInt        		CODE           	6D1C	0000	200
		_lcdInit       		CODE           	6A26	0000	120
		_lcdData       		CODE           	63B8	0000	30
		_Delay2ms      		CODE           	64FA	0000	46

lcd.c estimated size: 672

C:\Program Files\Microchip\xc8\v2.46\pic\sources\c99\common\awmod.c
		___awmod       		CODE           	6BA8	0000	176

C:\Program Files\Microchip\xc8\v2.46\pic\sources\c99\common\awmod.c estimated size: 176

event.c
		_eventRead     		CODE           	704A	0000	406
		_eventInit     		CODE           	6342	0000	22

event.c estimated size: 428

main.c
		_main          		CODE           	6A9E	0000	122

main.c estimated size: 122

soft_i2c.c
		_i2c_start     		CODE           	66CC	0000	70
		_i2cReadByte   		CODE           	67EA	0000	84
		_read_SCL      		CODE           	661A	0000	56
		_I2C_delay     		CODE           	62D8	0000	2
		_clear_SDA     		CODE           	6478	0000	42
		_clear_SCL     		CODE           	644E	0000	42
		_i2cWriteByte  		CODE           	68EC	0000	96
		_i2cInit       		CODE           	6424	0000	42
		_i2c_stop      		CODE           	6528	0000	46
		_i2c_write_bit 		CODE           	6894	0000	88
		_i2c_read_bit  		CODE           	65B2	0000	50
		_read_SDA      		CODE           	6652	0000	56

soft_i2c.c estimated size: 674

