Microchip MPLAB XC8 Compiler V2.46

Linker command line:

-W-3 \
  --edf=C:\Program Files\Microchip\xc8\v2.46\pic\dat\20240104201356_en.msgs \
  -cn -h+dist/default/debug\projeto.X.debug.sym \
  --cmf=dist/default/debug\projeto.X.debug.cmf -z -Q18F4550 \
  -oC:\Users\Pessoal\AppData\Local\Temp\xcAsbqs.\driver_tmp_3.o \
  --defsym=__MPLAB_BUILD=1 --fixupoverflow=error \
  -Mdist/default/debug/projeto.X.debug.map \
  --md=C:\Users\Pessoal\AppData\Local\Temp\xcAsbqs.\driver_tmp_0.dat -E1 \
  -ver=XC8 Compiler --acfsm=1493 -ACODE=00h-07D3Fh -ACONST=00h-07D3Fh \
  -ASMALLCONST=0800h-08FFhx117,07D00h-07D3Fh -AMEDIUMCONST=0800h-07D3Fh \
  -ACOMRAM=01h-05Fh -AABS1=00h-03EEh,0400h-07FFh \
  -ABIGRAM=01h-03EEh,0400h-07FFh \
  -ARAM=060h-0FFh,0100h-01FFhx2,0300h-03EEh,0400h-04FFhx4 -ABANK0=060h-0FFh \
  -ABANK1=0100h-01FFh -ABANK2=0200h-02FFh -ABANK3=0300h-03EEh \
  -ABANK4=0400h-04FFh -ABANK5=0500h-05FFh -ABANK6=0600h-06FFh \
  -ABANK7=0700h-07FFh \
  -ASFR=0F60h-0F9Bh,0F9Dh-0FD3h,0FD5h-0FDAh,0FE0h-0FE2h,0FE8h-0FEAh,0FF0h-0FFBh \
  -ABIGSFR=0F60h-0F9Bh,0F9Dh-0FD3h,0FD5h-0FDAh,0FE0h-0FE2h,0FE8h-0FEAh,0FF0h-0FFBh \
  -ACONFIG=0300000h-030000Dh -AIDLOC=0200000h-0200007h \
  -AEEDATA=0F00000h-0F000FFh -peeprom_data=EEDATA \
  -preset_vec=00h,intcode,sivt_hi,intcodelo,sivt_lo,powerup,init \
  -pramtop=0800h -psmallconst=SMALLCONST -pmediumconst=MEDIUMCONST \
  -pconst=CONST -AFARRAM=00h-00h \
  -prdata=COMRAM,nvrram=COMRAM,nvbit=COMRAM,rbss=COMRAM,rbit=COMRAM \
  -pfarbss=FARRAM,fardata=FARRAM,nvFARRAM=FARRAM \
  -pintsave_regs=BIGRAM,bigbss=BIGRAM,bigdata=BIGRAM -pbss=RAM \
  -pidata=CODE,irdata=CODE,ibigdata=CODE,ifardata=CODE -prparam=COMRAM \
  C:\Users\Pessoal\AppData\Local\Temp\xcAsbqs.\driver_tmp_9.o \
  dist/default/debug\projeto.X.debug.o 

Object code version is 3.11

Machine type is 18F4550



                Name                               Link     Load   Length Selector   Space Scale
C:\Users\Pessoal\AppData\Local\Temp\xcAsbqs.\driver_tmp_9.o
                config                           300000   300000        8        0       4
                init                                  2        2        4        0       0
                reset_vec                             0        0        2        0       0
dist/default/debug\projeto.X.debug.o
                config                           300000   300000        8        0       4
                mediumconst                        7C90     7C90       B0     3E48       0
                text63                             4CE6     4CE6       10     2673       0
                text62                             63B2     63B2      24E     31D9       0
                text61                             4DFC     4DFC       2A     26FE       0
                text60                             4CB4     4CB4        6     265A       0
                text59                             598E     598E       FC     2CC7       0
                text58                             4ED2     4ED2       2E     2769       0
                text57                             4D0C     4D0C       18     2686       0
                text56                             4CBA     4CBA        6     265D       0
                text55                             5408     5408       78     2A04       0
                text54                             5208     5208       48     2904       0
                text53                             5480     5480       78     2A40       0
                text52                             4D54     4D54       1A     26AA       0
                text51                             4CCA     4CCA        E     2665       0
                text50                             4D24     4D24       18     2692       0
                text49                             4CD8     4CD8        E     266C       0
                text48                             5630     5630       C4     2B18       0
                text47                             4DAE     4DAE       26     26D7       0
                text46                             50F8     50F8       42     287C       0
                text45                             5580     5580       B0     2AC0       0
                text44                             53A6     53A6       62     29D3       0
                text43                             4CA2     4CA2        2     2651       0
                text42                             6600     6600      24E     3300       0
                text41                             4E26     4E26       2A     2713       0
                text40                             5CA4     5CA4      16A     2E52       0
                text39                             5088     5088       38     2844       0
                text38                             50C0     50C0       38     2860       0
                text37                             4FEA     4FEA       32     27F5       0
                text36                             4E50     4E50       2A     2728       0
                text35                             4F00     4F00       2E     2780       0
                text34                             52EE     52EE       58     2977       0
                text33                             529A     529A       54     294D       0
                text32                             517C     517C       46     28BE       0
                text31                             5346     5346       60     29A3       0
                text30                             51C2     51C2       46     28E1       0
                text29                             4F2E     4F2E       2E     2797       0
                text28                             5250     5250       4A     2928       0
                text27                             6178     6178      23A     30BC       0
                text26                             4D8C     4D8C       22     26C6       0
                text25                             54F8     54F8       88     2A7C       0
                text24                             4CA4     4CA4        4     2652       0
                text23                             4CA8     4CA8        4     2654       0
                text22                             4CAC     4CAC        4     2656       0
                text21                             4E7A     4E7A       2C     273D       0
                text20                             4CF6     4CF6       16     267B       0
                text19                             4D3C     4D3C       18     269E       0
                text18                             4DD4     4DD4       28     26EA       0
                text17                             5FC2     5FC2      1B6     2FE1       0
                text16                             4CB0     4CB0        4     2658       0
                text15                             5B90     5B90      114     2DC8       0
                text14                             4EA6     4EA6       2C     2753       0
                text13                             4CC0     4CC0        A     2660       0
                text12                             4D6E     4D6E       1E     26B7       0
                text11                             56F4     56F4       C8     2B7A       0
                text10                             501C     501C       36     280E       0
                text9                              6C78     6C78      728     363C       0
                text8                              684E     684E      42A     3427       0
                text7                              5A8A     5A8A      106     2D45       0
                text6                              5E0E     5E0E      1B4     2F07       0
                text5                              5052     5052       36     2829       0
                text4                              57BC     57BC       E2     2BDE       0
                text3                              4F5C     4F5C       2E     27AE       0
                text2                              589E     589E       F0     2C4F       0
                text1                              73A0     73A0      8F0     39D0       0
                text0                              4FBA     4FBA       30     27DD       0
                cstackCOMRAM                          1        1       4B        1       1
                dataBANK0                            C2       C2       2F       60       1
                bssBANK0                             60       60       62       60       1
                bssCOMRAM                            4C       4C       14        1       1
                cinit                              513A     513A       42     289D       0
                idataBANK0                         4F8B     4F8B       2F     4F8B       0

TOTAL           Name                               Link     Load   Length     Space
        CLASS   CODE           
                init                                  2        2        4         0
                reset_vec                             0        0        2         0
                text63                             4CE6     4CE6       10         0
                text62                             63B2     63B2      24E         0
                text61                             4DFC     4DFC       2A         0
                text60                             4CB4     4CB4        6         0
                text59                             598E     598E       FC         0
                text58                             4ED2     4ED2       2E         0
                text57                             4D0C     4D0C       18         0
                text56                             4CBA     4CBA        6         0
                text55                             5408     5408       78         0
                text54                             5208     5208       48         0
                text53                             5480     5480       78         0
                text52                             4D54     4D54       1A         0
                text51                             4CCA     4CCA        E         0
                text50                             4D24     4D24       18         0
                text49                             4CD8     4CD8        E         0
                text48                             5630     5630       C4         0
                text47                             4DAE     4DAE       26         0
                text46                             50F8     50F8       42         0
                text45                             5580     5580       B0         0
                text44                             53A6     53A6       62         0
                text43                             4CA2     4CA2        2         0
                text42                             6600     6600      24E         0
                text41                             4E26     4E26       2A         0
                text40                             5CA4     5CA4      16A         0
                text39                             5088     5088       38         0
                text38                             50C0     50C0       38         0
                text37                             4FEA     4FEA       32         0
                text36                             4E50     4E50       2A         0
                text35                             4F00     4F00       2E         0
                text34                             52EE     52EE       58         0
                text33                             529A     529A       54         0
                text32                             517C     517C       46         0
                text31                             5346     5346       60         0
                text30                             51C2     51C2       46         0
                text29                             4F2E     4F2E       2E         0
                text28                             5250     5250       4A         0
                text27                             6178     6178      23A         0
                text26                             4D8C     4D8C       22         0
                text25                             54F8     54F8       88         0
                text24                             4CA4     4CA4        4         0
                text23                             4CA8     4CA8        4         0
                text22                             4CAC     4CAC        4         0
                text21                             4E7A     4E7A       2C         0
                text20                             4CF6     4CF6       16         0
                text19                             4D3C     4D3C       18         0
                text18                             4DD4     4DD4       28         0
                text17                             5FC2     5FC2      1B6         0
                text16                             4CB0     4CB0        4         0
                text15                             5B90     5B90      114         0
                text14                             4EA6     4EA6       2C         0
                text13                             4CC0     4CC0        A         0
                text12                             4D6E     4D6E       1E         0
                text11                             56F4     56F4       C8         0
                text10                             501C     501C       36         0
                text9                              6C78     6C78      728         0
                text8                              684E     684E      42A         0
                text7                              5A8A     5A8A      106         0
                text6                              5E0E     5E0E      1B4         0
                text5                              5052     5052       36         0
                text4                              57BC     57BC       E2         0
                text3                              4F5C     4F5C       2E         0
                text2                              589E     589E       F0         0
                text1                              73A0     73A0      8F0         0
                text0                              4FBA     4FBA       30         0
                cinit                              513A     513A       42         0
                idataBANK0                         4F8B     4F8B       2F         0

        CLASS   CONST          

        CLASS   SMALLCONST     

        CLASS   MEDIUMCONST    
                mediumconst                        7C90     7C90       B0         0

        CLASS   COMRAM         
                cstackCOMRAM                          1        1       4B         1
                bssCOMRAM                            4C       4C       14         1

        CLASS   ABS1           

        CLASS   BIGRAM         

        CLASS   RAM            

        CLASS   BANK0          
                dataBANK0                            C2       C2       2F         1
                bssBANK0                             60       60       62         1

        CLASS   BANK1          

        CLASS   BANK2          

        CLASS   BANK3          

        CLASS   BANK4          

        CLASS   BANK5          

        CLASS   BANK6          

        CLASS   BANK7          

        CLASS   SFR            

        CLASS   BIGSFR         

        CLASS   CONFIG         
                config                           300000   300000        8         4

        CLASS   IDLOC          

        CLASS   EEDATA         

        CLASS   FARRAM         

        CLASS   HEAP           

        CLASS   STACK          



SEGMENTS        Name                           Load    Length   Top    Selector   Space  Class

                reset_vec                      000000  000006  000006         0       0  CODE    
                cstackCOMRAM                   000001  00005F  000060         1       1  COMRAM  
                bssBANK0                       000060  000091  0000F1        60       1  BANK0   
                text43                         004CA2  000002  004CA4      2651       0  CODE    
                text24                         004CA4  000004  004CA8      2652       0  CODE    
                text23                         004CA8  000004  004CAC      2654       0  CODE    
                text22                         004CAC  000004  004CB0      2656       0  CODE    
                text16                         004CB0  000004  004CB4      2658       0  CODE    
                text60                         004CB4  000006  004CBA      265A       0  CODE    
                text56                         004CBA  000006  004CC0      265D       0  CODE    
                text13                         004CC0  00000A  004CCA      2660       0  CODE    
                text51                         004CCA  00000E  004CD8      2665       0  CODE    
                text49                         004CD8  00000E  004CE6      266C       0  CODE    
                text63                         004CE6  000010  004CF6      2673       0  CODE    
                text20                         004CF6  000016  004D0C      267B       0  CODE    
                text57                         004D0C  000018  004D24      2686       0  CODE    
                text50                         004D24  000018  004D3C      2692       0  CODE    
                text19                         004D3C  000018  004D54      269E       0  CODE    
                text52                         004D54  00001A  004D6E      26AA       0  CODE    
                text12                         004D6E  00001E  004D8C      26B7       0  CODE    
                text26                         004D8C  000022  004DAE      26C6       0  CODE    
                text47                         004DAE  000026  004DD4      26D7       0  CODE    
                text18                         004DD4  000028  004DFC      26EA       0  CODE    
                text61                         004DFC  00002A  004E26      26FE       0  CODE    
                text41                         004E26  00002A  004E50      2713       0  CODE    
                text36                         004E50  00002A  004E7A      2728       0  CODE    
                text21                         004E7A  00002C  004EA6      273D       0  CODE    
                text14                         004EA6  00002C  004ED2      2753       0  CODE    
                text58                         004ED2  00002E  004F00      2769       0  CODE    
                text35                         004F00  00002E  004F2E      2780       0  CODE    
                text29                         004F2E  00002E  004F5C      2797       0  CODE    
                text3                          004F5C  00002E  004F8A      27AE       0  CODE    
                idataBANK0                     004F8B  00002F  004FBA      4F8B       0  CODE    
                text0                          004FBA  000030  004FEA      27DD       0  CODE    
                text37                         004FEA  000032  00501C      27F5       0  CODE    
                text10                         00501C  000036  005052      280E       0  CODE    
                text5                          005052  000036  005088      2829       0  CODE    
                text39                         005088  000038  0050C0      2844       0  CODE    
                text38                         0050C0  000038  0050F8      2860       0  CODE    
                text46                         0050F8  000042  00513A      287C       0  CODE    
                cinit                          00513A  000042  00517C      289D       0  CODE    
                text32                         00517C  000046  0051C2      28BE       0  CODE    
                text30                         0051C2  000046  005208      28E1       0  CODE    
                text54                         005208  000048  005250      2904       0  CODE    
                text28                         005250  00004A  00529A      2928       0  CODE    
                text33                         00529A  000054  0052EE      294D       0  CODE    
                text34                         0052EE  000058  005346      2977       0  CODE    
                text31                         005346  000060  0053A6      29A3       0  CODE    
                text44                         0053A6  000062  005408      29D3       0  CODE    
                text55                         005408  000078  005480      2A04       0  CODE    
                text53                         005480  000078  0054F8      2A40       0  CODE    
                text25                         0054F8  000088  005580      2A7C       0  CODE    
                text45                         005580  0000B0  005630      2AC0       0  CODE    
                text48                         005630  0000C4  0056F4      2B18       0  CODE    
                text11                         0056F4  0000C8  0057BC      2B7A       0  CODE    
                text4                          0057BC  0000E2  00589E      2BDE       0  CODE    
                text2                          00589E  0000F0  00598E      2C4F       0  CODE    
                text59                         00598E  0000FC  005A8A      2CC7       0  CODE    
                text7                          005A8A  000106  005B90      2D45       0  CODE    
                text15                         005B90  000114  005CA4      2DC8       0  CODE    
                text40                         005CA4  00016A  005E0E      2E52       0  CODE    
                text6                          005E0E  0001B4  005FC2      2F07       0  CODE    
                text17                         005FC2  0001B6  006178      2FE1       0  CODE    
                text27                         006178  00023A  0063B2      30BC       0  CODE    
                text62                         0063B2  00024E  006600      31D9       0  CODE    
                text42                         006600  00024E  00684E      3300       0  CODE    
                text8                          00684E  00042A  006C78      3427       0  CODE    
                text9                          006C78  000728  0073A0      363C       0  CODE    
                text1                          0073A0  0008F0  007C90      39D0       0  CODE    
                mediumconst                    007C90  0000B0  007D40      3E48       0  MEDIUMCO


UNUSED ADDRESS RANGES

        Name                Unused          Largest block    Delta
        BANK0            0000F1-0000FF                F
        BANK1            000100-0001FF              100
        BANK2            000200-0002FF              100
        BANK3            000300-0003EE               EF
        BANK4            000400-0004FF              100
        BANK5            000500-0005FF              100
        BANK6            000600-0006FF              100
        BANK7            000700-0007FF              100
        BIGRAM           0000F1-0003EE              2FE
                         000400-0007FF              400
        BIGSFR           000F60-000F9B               3C
                         000F9D-000FD3               37
                         000FD5-000FDA                6
                         000FE0-000FE2                3
                         000FE8-000FEA                3
                         000FF0-000FFB                C
        CODE             000006-004CA1             4C9C
                         004F8A-004F8A                1
        CONFIG           300008-30000D                6
        CONST            000006-004CA1             4C9C
                         004F8A-004F8A                1
        EEDATA           F00000-F000FF              100
        IDLOC            200000-200007                8
        MEDIUMCONST      000800-004CA1             44A2
                         004F8A-004F8A                1
        RAM              0000F1-0003EE              100
                         000400-0007FF              100
        SFR              000F60-000F9B               3C
                         000F9D-000FD3               37
                         000FD5-000FDA                6
                         000FE0-000FE2                3
                         000FE8-000FEA                3
                         000FF0-000FFB                C
        SMALLCONST       000800-004CA1              100
                         004F8A-004F8A                1

                                  Symbol Table

?___awdiv                   cstackCOMRAM 000001
?___awmod                   cstackCOMRAM 000009
?___flmul                   cstackCOMRAM 000013
?___fltol                   cstackCOMRAM 00002C
?___llmod                   cstackCOMRAM 000001
?___wmul                    cstackCOMRAM 000009
?___xxtofl                  cstackCOMRAM 000005
?_adcRead                   cstackCOMRAM 000001
?_bcd2dec                   cstackCOMRAM 000013
?_dec2bcd                   cstackCOMRAM 00000F
?_digitalRead               cstackCOMRAM 000001
?_dsReadData                cstackCOMRAM 00000E
?_getAlarmLevel             cstackCOMRAM 000001
?_getTemp                   cstackCOMRAM 000001
?_getTime                   cstackCOMRAM 000017
Delay2ms@j                  cstackCOMRAM 000001
Delay2ms@k                  cstackCOMRAM 000002
Delay40us@j                 cstackCOMRAM 000001
_Delay2ms                   text58       004ED2
_Delay40us                  text57       004D0C
_I2C_delay                  text43       004CA2
_LATA                       (abs)        000F89
_PORTA                      (abs)        000F80
_PORTB                      (abs)        000F81
_PORTC                      (abs)        000F82
_PORTD                      (abs)        000F83
_PORTE                      (abs)        000F84
_TRISA                      (abs)        000F92
_TRISB                      (abs)        000F93
_TRISC                      (abs)        000F94
_TRISD                      (abs)        000F95
_TRISE                      (abs)        000F96
__HRAM                      (abs)        000000
__H__absolute__             __absolute__ 000000
__Habs1                     abs1         000000
__Hbank0                    bank0        000000
__Hbank1                    bank1        000000
__Hbank2                    bank2        000000
__Hbank3                    bank3        000000
__Hbank4                    bank4        000000
__Hbank5                    bank5        000000
__Hbank6                    bank6        000000
__Hbank7                    bank7        000000
__Hbigbss                   bigbss       000000
__Hbigdata                  bigdata      000000
__Hbigram                   bigram       000000
__Hbigsfr                   bigsfr       000000
__Hbss                      bss          000000
__HbssBANK0                 bssBANK0     000000
__HbssCOMRAM                bssCOMRAM    000000
__Hcinit                    cinit        000000
__Hclrtext                  clrtext      000000
__Hcomram                   comram       000000
__Hconfig                   config       300008
__Hconst                    const        000000
__HcstackCOMRAM             cstackCOMRAM 000000
__Hdata                     data         000000
__HdataBANK0                dataBANK0    000000
__Heeprom_data              eeprom_data  000000
__Hfarbss                   farbss       000000
__Hfardata                  fardata      000000
__Hheap                     heap         000000
__Hibigdata                 ibigdata     000000
__Hidata                    idata        000000
__HidataBANK0               idataBANK0   000000
__Hidloc                    idloc        000000
__Hifardata                 ifardata     000000
__Hinit                     init         000006
__Hintcode                  intcode      000002
__Hintcode_body             intcode_body 000000
__Hintcodelo                intcodelo    000002
__Hintentry                 intentry     000000
__Hintret                   intret       000000
__Hintsave_regs             intsave_regs 000000
__Hirdata                   irdata       000000
__Hmediumconst              mediumconst  007D40
__HnvFARRAM                 nvFARRAM     000000
__Hnvbit                    nvbit        000000
__Hnvrram                   nvrram       000000
__Hparam                    rparam       000000
__Hpowerup                  powerup      000002
__Hram                      ram          000000
__Hramtop                   ramtop       000800
__Hrbit                     rbit         000000
__Hrbss                     rbss         000000
__Hrdata                    rdata        000000
__Hreset_vec                reset_vec    000002
__Hrparam                   rparam       000000
__Hsfr                      sfr          000000
__Hsivt_hi                  sivt_hi      000002
__Hsivt_lo                  sivt_lo      000002
__Hsmallconst               smallconst   000000
__Hspace_0                  (abs)        007D40
__Hspace_1                  (abs)        0000F1
__Hspace_2                  (abs)        000000
__Hspace_4                  (abs)        600008
__Hstack                    stack        000000
__Hstruct                   struct       000000
__Htemp                     temp         000000
__Htext                     text         000000
__Htext0                    text0        000000
__Htext1                    text1        000000
__Htext10                   text10       000000
__Htext11                   text11       000000
__Htext12                   text12       000000
__Htext13                   text13       000000
__Htext14                   text14       000000
__Htext15                   text15       000000
__Htext16                   text16       000000
__Htext17                   text17       000000
__Htext18                   text18       000000
__Htext19                   text19       000000
__Htext2                    text2        000000
__Htext20                   text20       000000
__Htext21                   text21       000000
__Htext22                   text22       000000
__Htext23                   text23       000000
__Htext24                   text24       000000
__Htext25                   text25       000000
__Htext26                   text26       000000
__Htext27                   text27       000000
__Htext28                   text28       000000
__Htext29                   text29       000000
__Htext3                    text3        000000
__Htext30                   text30       000000
__Htext31                   text31       000000
__Htext32                   text32       000000
__Htext33                   text33       000000
__Htext34                   text34       000000
__Htext35                   text35       000000
__Htext36                   text36       000000
__Htext37                   text37       000000
__Htext38                   text38       000000
__Htext39                   text39       000000
__Htext4                    text4        000000
__Htext40                   text40       000000
__Htext41                   text41       000000
__Htext42                   text42       000000
__Htext43                   text43       000000
__Htext44                   text44       000000
__Htext45                   text45       000000
__Htext46                   text46       000000
__Htext47                   text47       000000
__Htext48                   text48       000000
__Htext49                   text49       000000
__Htext5                    text5        000000
__Htext50                   text50       000000
__Htext51                   text51       000000
__Htext52                   text52       000000
__Htext53                   text53       000000
__Htext54                   text54       000000
__Htext55                   text55       000000
__Htext56                   text56       000000
__Htext57                   text57       000000
__Htext58                   text58       000000
__Htext59                   text59       000000
__Htext6                    text6        000000
__Htext60                   text60       000000
__Htext61                   text61       000000
__Htext62                   text62       000000
__Htext63                   text63       000000
__Htext7                    text7        000000
__Htext8                    text8        000000
__Htext9                    text9        000000
__LRAM                      (abs)        000001
__L__absolute__             __absolute__ 000000
__Labs1                     abs1         000000
__Lbank0                    bank0        000000
__Lbank1                    bank1        000000
__Lbank2                    bank2        000000
__Lbank3                    bank3        000000
__Lbank4                    bank4        000000
__Lbank5                    bank5        000000
__Lbank6                    bank6        000000
__Lbank7                    bank7        000000
__Lbigbss                   bigbss       000000
__Lbigdata                  bigdata      000000
__Lbigram                   bigram       000000
__Lbigsfr                   bigsfr       000000
__Lbss                      bss          000000
__LbssBANK0                 bssBANK0     000000
__LbssCOMRAM                bssCOMRAM    000000
__Lcinit                    cinit        000000
__Lclrtext                  clrtext      000000
__Lcomram                   comram       000000
__Lconfig                   config       000000
__Lconst                    const        000000
__LcstackCOMRAM             cstackCOMRAM 000000
__Ldata                     data         000000
__LdataBANK0                dataBANK0    000000
__Leeprom_data              eeprom_data  000000
__Lfarbss                   farbss       000000
__Lfardata                  fardata      000000
__Lheap                     heap         000000
__Libigdata                 ibigdata     000000
__Lidata                    idata        000000
__LidataBANK0               idataBANK0   000000
__Lidloc                    idloc        000000
__Lifardata                 ifardata     000000
__Linit                     init         000002
__Lintcode                  intcode      000002
__Lintcode_body             intcode_body 000000
__Lintcodelo                intcodelo    000002
__Lintentry                 intentry     000000
__Lintret                   intret       000000
__Lintsave_regs             intsave_regs 000000
__Lirdata                   irdata       000000
__Lmediumconst              mediumconst  007C90
__LnvFARRAM                 nvFARRAM     000000
__Lnvbit                    nvbit        000000
__Lnvrram                   nvrram       000000
__Lparam                    rparam       000000
__Lpowerup                  powerup      000002
__Lram                      ram          000000
__Lramtop                   ramtop       000800
__Lrbit                     rbit         000000
__Lrbss                     rbss         000000
__Lrdata                    rdata        000000
__Lreset_vec                reset_vec    000000
__Lrparam                   rparam       000000
__Lsfr                      sfr          000000
__Lsivt_hi                  sivt_hi      000002
__Lsivt_lo                  sivt_lo      000002
__Lsmallconst               smallconst   000000
__Lspace_0                  (abs)        000000
__Lspace_1                  (abs)        000000
__Lspace_2                  (abs)        000000
__Lspace_4                  (abs)        000000
__Lstack                    stack        000000
__Lstruct                   struct       000000
__Ltemp                     temp         000000
__Ltext                     text         000000
__Ltext0                    text0        000000
__Ltext1                    text1        000000
__Ltext10                   text10       000000
__Ltext11                   text11       000000
__Ltext12                   text12       000000
__Ltext13                   text13       000000
__Ltext14                   text14       000000
__Ltext15                   text15       000000
__Ltext16                   text16       000000
__Ltext17                   text17       000000
__Ltext18                   text18       000000
__Ltext19                   text19       000000
__Ltext2                    text2        000000
__Ltext20                   text20       000000
__Ltext21                   text21       000000
__Ltext22                   text22       000000
__Ltext23                   text23       000000
__Ltext24                   text24       000000
__Ltext25                   text25       000000
__Ltext26                   text26       000000
__Ltext27                   text27       000000
__Ltext28                   text28       000000
__Ltext29                   text29       000000
__Ltext3                    text3        000000
__Ltext30                   text30       000000
__Ltext31                   text31       000000
__Ltext32                   text32       000000
__Ltext33                   text33       000000
__Ltext34                   text34       000000
__Ltext35                   text35       000000
__Ltext36                   text36       000000
__Ltext37                   text37       000000
__Ltext38                   text38       000000
__Ltext39                   text39       000000
__Ltext4                    text4        000000
__Ltext40                   text40       000000
__Ltext41                   text41       000000
__Ltext42                   text42       000000
__Ltext43                   text43       000000
__Ltext44                   text44       000000
__Ltext45                   text45       000000
__Ltext46                   text46       000000
__Ltext47                   text47       000000
__Ltext48                   text48       000000
__Ltext49                   text49       000000
__Ltext5                    text5        000000
__Ltext50                   text50       000000
__Ltext51                   text51       000000
__Ltext52                   text52       000000
__Ltext53                   text53       000000
__Ltext54                   text54       000000
__Ltext55                   text55       000000
__Ltext56                   text56       000000
__Ltext57                   text57       000000
__Ltext58                   text58       000000
__Ltext59                   text59       000000
__Ltext6                    text6        000000
__Ltext60                   text60       000000
__Ltext61                   text61       000000
__Ltext62                   text62       000000
__Ltext63                   text63       000000
__Ltext7                    text7        000000
__Ltext8                    text8        000000
__Ltext9                    text9        000000
__S0                        (abs)        007D40
__S1                        (abs)        0000F1
__S4                        (abs)        000000
__S5                        (abs)        000000
___awdiv                    text48       005630
___awdiv@counter            cstackCOMRAM 000005
___awdiv@dividend           cstackCOMRAM 000001
___awdiv@divisor            cstackCOMRAM 000003
___awdiv@quotient           cstackCOMRAM 000007
___awdiv@sign               cstackCOMRAM 000006
___awmod                    text45       005580
___awmod@counter            cstackCOMRAM 00000D
___awmod@dividend           cstackCOMRAM 000009
___awmod@divisor            cstackCOMRAM 00000B
___awmod@sign               cstackCOMRAM 00000E
___flmul                    text8        00684E
___flmul@a                  cstackCOMRAM 000017
___flmul@aexp               cstackCOMRAM 000024
___flmul@b                  cstackCOMRAM 000013
___flmul@bexp               cstackCOMRAM 000025
___flmul@grs                cstackCOMRAM 000020
___flmul@prod               cstackCOMRAM 000026
___flmul@sign               cstackCOMRAM 00001F
___flmul@temp               cstackCOMRAM 00002A
___fltol                    text7        005A8A
___fltol@exp1               cstackCOMRAM 000035
___fltol@f1                 cstackCOMRAM 00002C
___fltol@sign1              cstackCOMRAM 000034
___heap_hi                  (abs)        000000
___heap_lo                  (abs)        000000
___inthi_sp                 stack        000000
___inthi_stack_hi           stack        000000
___inthi_stack_lo           stack        000000
___intlo_sp                 stack        000000
___intlo_stack_hi           stack        000000
___intlo_stack_lo           stack        000000
___llmod                    text25       0054F8
___llmod@counter            cstackCOMRAM 000009
___llmod@dividend           cstackCOMRAM 000001
___llmod@divisor            cstackCOMRAM 000005
___param_bank               (abs)        000000
___rparam_used              (abs)        000001
___sp                       stack        000000
___stack_hi                 stack        000000
___stack_lo                 stack        000000
___wmul                     text47       004DAE
___wmul@multiplicand        cstackCOMRAM 00000B
___wmul@multiplier          cstackCOMRAM 000009
___wmul@product             cstackCOMRAM 00000D
___xxtofl                   text6        005E0E
___xxtofl@arg               cstackCOMRAM 00000F
___xxtofl@exp               cstackCOMRAM 00000E
___xxtofl@sign              cstackCOMRAM 00000D
___xxtofl@val               cstackCOMRAM 000005
__accesstop                 (abs)        000060
__activetblptr              (abs)        000002
__end_of_Delay2ms           text58       004F00
__end_of_Delay40us          text57       004D24
__end_of_I2C_delay          text43       004CA4
__end_of___awdiv            text48       0056F4
__end_of___awmod            text45       005630
__end_of___flmul            text8        006C78
__end_of___fltol            text7        005B90
__end_of___llmod            text25       005580
__end_of___wmul             text47       004DD4
__end_of___xxtofl           text6        005FC2
__end_of__initialization    cinit        005172
__end_of_adcInit            text63       004CF6
__end_of_adcRead            text5        005088
__end_of_bcd2dec            text46       00513A
__end_of_clear_SCL          text41       004E50
__end_of_clear_SDA          text36       004E7A
__end_of_dec2bcd            text44       005408
__end_of_digitalRead        text40       005E0E
__end_of_digitalWrite       text42       00684E
__end_of_dsInit             text60       004CBA
__end_of_dsReadData         text30       005208
__end_of_dsWriteData        text29       004F5C
__end_of_eventInit          text50       004D3C
__end_of_eventRead          text17       006178
__end_of_getAlarmLevel      text14       004ED2
__end_of_getLanguage        text24       004CA8
__end_of_getProt            text23       004CAC
__end_of_getState           text16       004CB4
__end_of_getTemp            text13       004CCA
__end_of_getTime            text15       005CA4
__end_of_i2cInit            text61       004E26
__end_of_i2cReadByte        text33       0052EE
__end_of_i2cWriteByte       text31       0053A6
__end_of_i2c_read_bit       text37       00501C
__end_of_i2c_start          text32       0051C2
__end_of_i2c_stop           text35       004F2E
__end_of_i2c_write_bit      text34       005346
__end_of_kpDebounce         text59       005A8A
__end_of_kpInit             text51       004CD8
__end_of_kpRead             text22       004CB0
__end_of_lcdCommand         text54       005250
__end_of_lcdCommand4bits    text55       005480
__end_of_lcdData            text12       004D8C
__end_of_lcdInit            text53       0054F8
__end_of_lcdInt             text11       0057BC
__end_of_lcdString          text10       005052
__end_of_main               text0        004FEA
__end_of_outputPrint        text9        0073A0
__end_of_pinMode            text62       006600
__end_of_pulseEnable        text56       004CC0
__end_of_readTemp           text4        00589E
__end_of_read_SCL           text39       0050C0
__end_of_read_SDA           text38       0050F8
__end_of_resetProt          text3        004F8A
__end_of_serialInit         text52       004D6E
__end_of_serialRead         text21       004EA6
__end_of_serialSend         text20       004D0C
__end_of_setAlarmLevel      text28       00529A
__end_of_setLanguage        text19       004D54
__end_of_setProt            text18       004DFC
__end_of_setState           text49       004CE6
__end_of_setTime            text2        00598E
__end_of_smInit             text26       004DAE
__end_of_smLoop             text1        007C90
__end_of_valor@ssd$F319     mediumconst  007CA1
__end_of_varInit            text27       0063B2
__initialization            cinit        00513A
__mediumconst               mediumconst  007C90
__pbssBANK0                 bssBANK0     000060
__pbssCOMRAM                bssCOMRAM    00004C
__pcinit                    cinit        00513A
__pcstackCOMRAM             cstackCOMRAM 000001
__pdataBANK0                dataBANK0    0000C2
__pidataBANK0               idataBANK0   004F8B
__pmediumconst              mediumconst  007C90
__ptext0                    text0        004FBA
__ptext1                    text1        0073A0
__ptext10                   text10       00501C
__ptext11                   text11       0056F4
__ptext12                   text12       004D6E
__ptext13                   text13       004CC0
__ptext14                   text14       004EA6
__ptext15                   text15       005B90
__ptext16                   text16       004CB0
__ptext17                   text17       005FC2
__ptext18                   text18       004DD4
__ptext19                   text19       004D3C
__ptext2                    text2        00589E
__ptext20                   text20       004CF6
__ptext21                   text21       004E7A
__ptext22                   text22       004CAC
__ptext23                   text23       004CA8
__ptext24                   text24       004CA4
__ptext25                   text25       0054F8
__ptext26                   text26       004D8C
__ptext27                   text27       006178
__ptext28                   text28       005250
__ptext29                   text29       004F2E
__ptext3                    text3        004F5C
__ptext30                   text30       0051C2
__ptext31                   text31       005346
__ptext32                   text32       00517C
__ptext33                   text33       00529A
__ptext34                   text34       0052EE
__ptext35                   text35       004F00
__ptext36                   text36       004E50
__ptext37                   text37       004FEA
__ptext38                   text38       0050C0
__ptext39                   text39       005088
__ptext4                    text4        0057BC
__ptext40                   text40       005CA4
__ptext41                   text41       004E26
__ptext42                   text42       006600
__ptext43                   text43       004CA2
__ptext44                   text44       0053A6
__ptext45                   text45       005580
__ptext46                   text46       0050F8
__ptext47                   text47       004DAE
__ptext48                   text48       005630
__ptext49                   text49       004CD8
__ptext5                    text5        005052
__ptext50                   text50       004D24
__ptext51                   text51       004CCA
__ptext52                   text52       004D54
__ptext53                   text53       005480
__ptext54                   text54       005208
__ptext55                   text55       005408
__ptext56                   text56       004CBA
__ptext57                   text57       004D0C
__ptext58                   text58       004ED2
__ptext59                   text59       00598E
__ptext6                    text6        005E0E
__ptext60                   text60       004CB4
__ptext61                   text61       004DFC
__ptext62                   text62       0063B2
__ptext63                   text63       004CE6
__ptext7                    text7        005A8A
__ptext8                    text8        00684E
__ptext9                    text9        006C78
__ramtop                    ramtop       000800
__smallconst                smallconst   000000
_adcInit                    text63       004CE6
_adcRead                    text5        005052
_alarmLevelHigh             bssCOMRAM    000050
_alarmLevelLow              bssCOMRAM    00004F
_bcd2dec                    text46       0050F8
_clear_SCL                  text41       004E26
_clear_SDA                  text36       004E50
_de                         bssCOMRAM    00005B
_dec2bcd                    text44       0053A6
_digitalRead                text40       005CA4
_digitalWrite               text42       006600
_display                    bssCOMRAM    000059
_dsInit                     text60       004CB4
_dsReadData                 text30       0051C2
_dsWriteData                text29       004F2E
_estado_ant                 bssCOMRAM    000053
_ev_ant                     bssBANK0     0000B9
_eventInit                  text50       004D24
_eventRead                  text17       005FC2
_getAlarmLevel              text14       004EA6
_getLanguage                text24       004CA4
_getProt                    text23       004CA8
_getState                   text16       004CB0
_getTemp                    text13       004CC0
_getTime                    text15       005B90
_i                          bssCOMRAM    00004C
_i2cInit                    text61       004DFC
_i2cReadByte                text33       00529A
_i2cWriteByte               text31       005346
_i2c_read_bit               text37       004FEA
_i2c_start                  text32       00517C
_i2c_stop                   text35       004F00
_i2c_write_bit              text34       0052EE
_index                      bssCOMRAM    00004E
_key                        bssBANK0     0000B5
_key_ant                    bssBANK0     0000B7
_kpDebounce                 text59       00598E
_kpInit                     text51       004CCA
_kpRead                     text22       004CAC
_language                   bssCOMRAM    000051
_lcdCommand                 text54       005208
_lcdCommand4bits            text55       005408
_lcdData                    text12       004D6E
_lcdInit                    text53       005480
_lcdInt                     text11       0056F4
_lcdString                  text10       00501C
_m                          bssBANK0     0000A7
_main                       text0        004FBA
_maxTemp                    bssBANK0     0000AB
_msgs                       dataBANK0    0000C2
_outputPrint                text9        006C78
_pinMode                    text62       0063B2
_prot                       bssBANK0     0000BC
_prot_ready                 bssCOMRAM    000054
_pulseEnable                text56       004CBA
_readTemp                   text4        0057BC
_read_SCL                   text39       005088
_read_SDA                   text38       0050C0
_resetProt                  text3        004F5C
_serialInit                 text52       004D54
_serialRead                 text21       004E7A
_serialSend                 text20       004CF6
_setAlarmLevel              text28       005250
_setLanguage                text19       004D3C
_setProt                    text18       004DD4
_setState                   text49       004CD8
_setTime                    text2        00589E
_smInit                     text26       004D8C
_smLoop                     text1        0073A0
_smLoop$1478                cstackCOMRAM 00003E
_started                    bssCOMRAM    00005A
_state                      bssCOMRAM    000052
_t                          bssBANK0     000060
_temp                       bssBANK0     0000AD
_time                       bssBANK0     0000AF
_v0                         bssCOMRAM    000058
_v1                         bssCOMRAM    000057
_v2                         bssCOMRAM    000056
_v3                         bssCOMRAM    000055
_valor                      bssCOMRAM    00005F
_valor@ssd$F319             mediumconst  007C91
_varInit                    text27       006178
_varInit$568                cstackCOMRAM 00001D
_varInit$569                cstackCOMRAM 00001F
_varInit$570                cstackCOMRAM 000021
_volt                       bssCOMRAM    00004D
_voltMin                    bssBANK0     0000BB
adcRead@ADvalor             cstackCOMRAM 000003
bcd2dec@value               cstackCOMRAM 000013
dec2bcd@value               cstackCOMRAM 00000F
digitalRead@pin             cstackCOMRAM 000001
digitalWrite@pin            cstackCOMRAM 000001
digitalWrite@value          cstackCOMRAM 000003
dsReadData@address          cstackCOMRAM 00000E
dsReadData@result           cstackCOMRAM 000011
dsWriteData@address         cstackCOMRAM 000015
dsWriteData@value           cstackCOMRAM 000017
end_of_initialization       cinit        005172
eventRead@data              cstackCOMRAM 00001D
eventRead@ev                cstackCOMRAM 00001B
eventRead@key               cstackCOMRAM 00001E
eventRead@prot              cstackCOMRAM 00001A
getAlarmLevel@l             cstackCOMRAM 000003
getAlarmLevel@lh            cstackCOMRAM 000001
getTime@index               cstackCOMRAM 000019
i2cReadByte@bit             cstackCOMRAM 00000B
i2cReadByte@byte            cstackCOMRAM 00000D
i2cReadByte@nack            cstackCOMRAM 00000A
i2cReadByte@send_stop       cstackCOMRAM 000008
i2cWriteByte@bit            cstackCOMRAM 00000B
i2cWriteByte@byte           cstackCOMRAM 000009
i2cWriteByte@send_start     cstackCOMRAM 00000A
i2cWriteByte@send_stop      cstackCOMRAM 000008
i2c_read_bit@bit            cstackCOMRAM 000007
i2c_write_bit@bit           cstackCOMRAM 000007
intlevel0                   text         000000
intlevel1                   text         000000
intlevel2                   text         000000
intlevel3                   text         000000
isa$std                     (abs)        000001
isa$xinst                   (abs)        000000
kpDebounce@F15              dataBANK0    0000EA
kpDebounce@bits             cstackCOMRAM 000004
kpDebounce@j                cstackCOMRAM 00000E
kpDebounce@portes           cstackCOMRAM 000009
kpDebounce@tempo            bssCOMRAM    00005E
kpDebounce@valorAntigo      bssCOMRAM    00005C
kpDebounce@valorNovo        bssCOMRAM    00005D
lcdCommand4bits@cmd         cstackCOMRAM 000002
lcdCommand4bits@data        cstackCOMRAM 000001
lcdCommand@cmd              cstackCOMRAM 000003
lcdData@valor               cstackCOMRAM 000003
lcdInit@i                   cstackCOMRAM 000004
lcdInt@digNum               cstackCOMRAM 000019
lcdInt@divisor              cstackCOMRAM 00001D
lcdInt@i                    cstackCOMRAM 00001F
lcdInt@j                    cstackCOMRAM 00001B
lcdInt@val                  cstackCOMRAM 000017
lcdString@str               cstackCOMRAM 000004
outputPrint@d               cstackCOMRAM 000026
outputPrint@d_449           cstackCOMRAM 000028
outputPrint@idioma          cstackCOMRAM 000023
outputPrint@numTela         cstackCOMRAM 000021
pinMode@pin                 cstackCOMRAM 000001
pinMode@type                cstackCOMRAM 000003
readTemp@j                  cstackCOMRAM 00003A
readTemp@tempT              cstackCOMRAM 000038
resetProt@i                 cstackCOMRAM 000001
serialRead@resp             cstackCOMRAM 000001
serialSend@c                cstackCOMRAM 000001
setAlarmLevel@lh            cstackCOMRAM 00001A
setAlarmLevel@newAlarmLevel cstackCOMRAM 000018
setLanguage@newLanguage     cstackCOMRAM 000018
setProt@newChar             cstackCOMRAM 000001
setState@newState           cstackCOMRAM 000004
setTime@index               cstackCOMRAM 00001C
setTime@newTime             cstackCOMRAM 00001A
smLoop@evento               cstackCOMRAM 00004B
smLoop@h                    cstackCOMRAM 000042
smLoop@h_537                cstackCOMRAM 000046
smLoop@l                    cstackCOMRAM 000040
smLoop@m                    cstackCOMRAM 000048
smLoop@prot                 cstackCOMRAM 00004A
smLoop@temp                 cstackCOMRAM 000044
stackhi                     (abs)        000000
stacklo                     (abs)        000000
start                       init         000002
start_initialization        cinit        00513A


MODULE INFORMATION

Module		Function		Class		Link	Load	Size
C:\Program Files\Microchip\xc8\v2.46\pic\sources\c99\common\fltol.c
		___fltol       		CODE           	5A8A	0000	262

C:\Program Files\Microchip\xc8\v2.46\pic\sources\c99\common\fltol.c estimated size: 262

serial.c
		_serialSend    		CODE           	4CF6	0000	22
		_serialInit    		CODE           	4D54	0000	26
		_serialRead    		CODE           	4E7A	0000	44

serial.c estimated size: 92

stateMachine.c
		_smLoop        		CODE           	73A0	0000	2288
		_smInit        		CODE           	4D8C	0000	34

stateMachine.c estimated size: 2322

keypad.c
		_kpInit        		CODE           	4CCA	0000	14
		_kpDebounce    		CODE           	598E	0000	252
		_kpRead        		CODE           	4CAC	0000	4

keypad.c estimated size: 270

C:\Program Files\Microchip\xc8\v2.46\pic\sources\c99\common\awdiv.c
		___awdiv       		CODE           	5630	0000	196

C:\Program Files\Microchip\xc8\v2.46\pic\sources\c99\common\awdiv.c estimated size: 196

var.c
		_resetProt     		CODE           	4F5C	0000	46
		_getLanguage   		CODE           	4CA4	0000	4
		_setLanguage   		CODE           	4D3C	0000	24
		_readTemp      		CODE           	57BC	0000	226
		_getAlarmLevel 		CODE           	4EA6	0000	44
		_varInit       		CODE           	6178	0000	570
		_getTemp       		CODE           	4CC0	0000	10
		_setAlarmLevel 		CODE           	5250	0000	74
		_getState      		CODE           	4CB0	0000	4
		_getTime       		CODE           	5B90	0000	276
		_setState      		CODE           	4CD8	0000	14
		_setTime       		CODE           	589E	0000	240
		_getProt       		CODE           	4CA8	0000	4
		_setProt       		CODE           	4DD4	0000	40

var.c estimated size: 1576

C:\Program Files\Microchip\xc8\v2.46\pic\sources\c99\common\xxtofl.c
		___xxtofl      		CODE           	5E0E	0000	436

C:\Program Files\Microchip\xc8\v2.46\pic\sources\c99\common\xxtofl.c estimated size: 436

io.c
		_digitalRead   		CODE           	5CA4	0000	362
		_digitalWrite  		CODE           	6600	0000	590
		_pinMode       		CODE           	63B2	0000	590

io.c estimated size: 1542

C:\Program Files\Microchip\xc8\v2.46\pic\sources\c99\common\sprcmul.c
		___flmul       		CODE           	684E	0000	1066

C:\Program Files\Microchip\xc8\v2.46\pic\sources\c99\common\sprcmul.c estimated size: 1066

ds1307.c
		_dsInit        		CODE           	4CB4	0000	6
		_dec2bcd       		CODE           	53A6	0000	98
		_dsWriteData   		CODE           	4F2E	0000	46
		_dsReadData    		CODE           	51C2	0000	70
		_bcd2dec       		CODE           	50F8	0000	66

ds1307.c estimated size: 286

adc.c
		_adcRead       		CODE           	5052	0000	54
		_adcInit       		CODE           	4CE6	0000	16

adc.c estimated size: 70

output.c
		_outputPrint   		CODE           	6C78	0000	1832

output.c estimated size: 1832

shared
		__initialization		CODE           	513A	0000	56
		_valor@ssd$F319		MEDIUMCONST    	7C91	0000	16

shared estimated size: 72

C:\Program Files\Microchip\xc8\v2.46\pic\sources\c99\common\Umul16.c
		___wmul        		CODE           	4DAE	0000	38

C:\Program Files\Microchip\xc8\v2.46\pic\sources\c99\common\Umul16.c estimated size: 38

lcd.c
		_lcdCommand    		CODE           	5208	0000	72
		_pulseEnable   		CODE           	4CBA	0000	6
		_lcdString     		CODE           	501C	0000	54
		_lcdCommand4bits		CODE           	5408	0000	120
		_Delay40us     		CODE           	4D0C	0000	24
		_lcdInt        		CODE           	56F4	0000	200
		_lcdInit       		CODE           	5480	0000	120
		_lcdData       		CODE           	4D6E	0000	30
		_Delay2ms      		CODE           	4ED2	0000	46

lcd.c estimated size: 672

C:\Program Files\Microchip\xc8\v2.46\pic\sources\c99\common\awmod.c
		___awmod       		CODE           	5580	0000	176

C:\Program Files\Microchip\xc8\v2.46\pic\sources\c99\common\awmod.c estimated size: 176

event.c
		_eventRead     		CODE           	5FC2	0000	438
		_eventInit     		CODE           	4D24	0000	24

event.c estimated size: 462

C:\Program Files\Microchip\xc8\v2.46\pic\sources\c99\common\llmod.c
		___llmod       		CODE           	54F8	0000	136

C:\Program Files\Microchip\xc8\v2.46\pic\sources\c99\common\llmod.c estimated size: 136

main.c
		_main          		CODE           	4FBA	0000	48

main.c estimated size: 48

soft_i2c.c
		_i2c_start     		CODE           	517C	0000	70
		_i2cReadByte   		CODE           	529A	0000	84
		_read_SCL      		CODE           	5088	0000	56
		_I2C_delay     		CODE           	4CA2	0000	2
		_clear_SDA     		CODE           	4E50	0000	42
		_clear_SCL     		CODE           	4E26	0000	42
		_i2cWriteByte  		CODE           	5346	0000	96
		_i2cInit       		CODE           	4DFC	0000	42
		_i2c_stop      		CODE           	4F00	0000	46
		_i2c_write_bit 		CODE           	52EE	0000	88
		_i2c_read_bit  		CODE           	4FEA	0000	50
		_read_SDA      		CODE           	50C0	0000	56

soft_i2c.c estimated size: 674

