Microchip MPLAB XC8 Compiler V2.46

Linker command line:

-W-3 \
  --edf=C:\Program Files\Microchip\xc8\v2.46\pic\dat\20240104201356_en.msgs \
  -cn -h+dist/default/production\projeto.X.production.sym \
  --cmf=dist/default/production\projeto.X.production.cmf -z -Q18F4550 \
  -oC:\Users\Pessoal\AppData\Local\Temp\xcDs8vs.3\driver_tmp_3.o \
  --defsym=__MPLAB_BUILD=1 --fixupoverflow=error \
  -Mdist/default/production/projeto.X.production.map \
  --md=C:\Users\Pessoal\AppData\Local\Temp\xcDs8vs.3\driver_tmp_0.dat -E1 \
  -ver=XC8 Compiler --acfsm=1493 -ACODE=00h-07FFFh -ACONST=00h-07FFFh \
  -ASMALLCONST=0800h-08FFhx120 -AMEDIUMCONST=0800h-07FFFh -ACOMRAM=01h-05Fh \
  -AABS1=00h-07FFh -ABIGRAM=01h-07FFh -ARAM=060h-0FFh,0100h-01FFhx7 \
  -ABANK0=060h-0FFh -ABANK1=0100h-01FFh -ABANK2=0200h-02FFh \
  -ABANK3=0300h-03FFh -ABANK4=0400h-04FFh -ABANK5=0500h-05FFh \
  -ABANK6=0600h-06FFh -ABANK7=0700h-07FFh -ASFR=0F60h-0FFFh \
  -ABIGSFR=0F60h-0FFFh -ACONFIG=0300000h-030000Dh -AIDLOC=0200000h-0200007h \
  -AEEDATA=0F00000h-0F000FFh -peeprom_data=EEDATA \
  -preset_vec=00h,intcode,sivt_hi,intcodelo,sivt_lo,powerup,init \
  -pramtop=0800h -psmallconst=SMALLCONST -pmediumconst=MEDIUMCONST \
  -pconst=CONST -AFARRAM=00h-00h \
  -prdata=COMRAM,nvrram=COMRAM,nvbit=COMRAM,rbss=COMRAM,rbit=COMRAM \
  -pfarbss=FARRAM,fardata=FARRAM,nvFARRAM=FARRAM \
  -pintsave_regs=BIGRAM,bigbss=BIGRAM,bigdata=BIGRAM -pbss=RAM \
  -pidata=CODE,irdata=CODE,ibigdata=CODE,ifardata=CODE -prparam=COMRAM \
  C:\Users\Pessoal\AppData\Local\Temp\xcDs8vs.3\driver_tmp_9.o \
  dist/default/production\projeto.X.production.o 

Object code version is 3.11

Machine type is 18F4550



                Name                               Link     Load   Length Selector   Space Scale
C:\Users\Pessoal\AppData\Local\Temp\xcDs8vs.3\driver_tmp_9.o
                config                           300000   300000        8        0       4
                init                                  0        0        4        0       0
dist/default/production\projeto.X.production.o
                config                           300000   300000        8        0       4
                smallconst                          800      800       A0      400       0
                text40                             19C4     19C4       10      450       0
                text39                             17A8     17A8       36      450       0
                text38                              AEE      AEE      24E      450       0
                text37                             18EE     18EE       2A      450       0
                text36                             1A0A     1A0A        6      D02       0
                text35                             186C     186C       2E      450       0
                text34                             1996     1996       18      450       0
                text33                             1A04     1A04        6      D02       0
                text32                             134E     134E       78      450       0
                text31                             1622     1622       48      450       0
                text30                             12D6     12D6       78      450       0
                text29                             1162     1162       C4      450       0
                text28                             1226     1226       B0      450       0
                text27                             1918     1918       26      450       0
                text26                             195E     195E       1E      450       0
                text25                             109A     109A       C8      450       0
                text24                             197C     197C       1A      450       0
                text23                             19E2     19E2        E      450       0
                text22                             19AE     19AE       16      450       0
                text21                             19D4     19D4        E      450       0
                text20                             16F6     16F6       42      450       0
                text19                             13C6     13C6       62      450       0
                text18                             1A10     1A10        2      D02       0
                text17                              8A0      8A0      24E      450       0
                text16                             18C4     18C4       2A      450       0
                text15                              F30      F30      16A      450       0
                text14                             1770     1770       38      450       0
                text13                             1738     1738       38      450       0
                text12                             17DE     17DE       32      450       0
                text11                             189A     189A       2A      450       0
                text10                             183E     183E       2E      450       0
                text9                              1488     1488       58      450       0
                text8                              1536     1536       54      450       0
                text7                              16B0     16B0       46      450       0
                text6                              1428     1428       60      450       0
                text5                              166A     166A       46      450       0
                text4                              1810     1810       2E      450       0
                text3                              15D8     15D8       4A      450       0
                text2                               D3C      D3C      1F4      450       0
                text1                              193E     193E       20      450       0
                text0                              158A     158A       4E      450       0
                cstackCOMRAM                         2E       2E       24        1       1
                dataBANK0                            60       60        C       60       1
                dataCOMRAM                           52       52        7        1       1
                bssCOMRAM                             1        1       2D        1       1
                cinit                              14E0     14E0       56      450       0
                idataBANK0                         19F0     19F0        C      450       0
                idataCOMRAM                        19FC     19FC        7      450       0

TOTAL           Name                               Link     Load   Length     Space
        CLASS   CODE           
                init                                  0        0        4         0
                text40                             19C4     19C4       10         0
                text39                             17A8     17A8       36         0
                text38                              AEE      AEE      24E         0
                text37                             18EE     18EE       2A         0
                text36                             1A0A     1A0A        6         0
                text35                             186C     186C       2E         0
                text34                             1996     1996       18         0
                text33                             1A04     1A04        6         0
                text32                             134E     134E       78         0
                text31                             1622     1622       48         0
                text30                             12D6     12D6       78         0
                text29                             1162     1162       C4         0
                text28                             1226     1226       B0         0
                text27                             1918     1918       26         0
                text26                             195E     195E       1E         0
                text25                             109A     109A       C8         0
                text24                             197C     197C       1A         0
                text23                             19E2     19E2        E         0
                text22                             19AE     19AE       16         0
                text21                             19D4     19D4        E         0
                text20                             16F6     16F6       42         0
                text19                             13C6     13C6       62         0
                text18                             1A10     1A10        2         0
                text17                              8A0      8A0      24E         0
                text16                             18C4     18C4       2A         0
                text15                              F30      F30      16A         0
                text14                             1770     1770       38         0
                text13                             1738     1738       38         0
                text12                             17DE     17DE       32         0
                text11                             189A     189A       2A         0
                text10                             183E     183E       2E         0
                text9                              1488     1488       58         0
                text8                              1536     1536       54         0
                text7                              16B0     16B0       46         0
                text6                              1428     1428       60         0
                text5                              166A     166A       46         0
                text4                              1810     1810       2E         0
                text3                              15D8     15D8       4A         0
                text2                               D3C      D3C      1F4         0
                text1                              193E     193E       20         0
                text0                              158A     158A       4E         0
                cinit                              14E0     14E0       56         0
                idataBANK0                         19F0     19F0        C         0
                idataCOMRAM                        19FC     19FC        7         0

        CLASS   CONST          

        CLASS   SMALLCONST     
                smallconst                          800      800       A0         0

        CLASS   MEDIUMCONST    

        CLASS   COMRAM         
                cstackCOMRAM                         2E       2E       24         1
                dataCOMRAM                           52       52        7         1
                bssCOMRAM                             1        1       2D         1

        CLASS   ABS1           

        CLASS   BIGRAM         

        CLASS   RAM            

        CLASS   BANK0          
                dataBANK0                            60       60        C         1

        CLASS   BANK1          

        CLASS   BANK2          

        CLASS   BANK3          

        CLASS   BANK4          

        CLASS   BANK5          

        CLASS   BANK6          

        CLASS   BANK7          

        CLASS   SFR            

        CLASS   BIGSFR         

        CLASS   CONFIG         
                config                           300000   300000        8         4

        CLASS   IDLOC          

        CLASS   EEDATA         

        CLASS   FARRAM         

        CLASS   HEAP           

        CLASS   STACK          



SEGMENTS        Name                           Load    Length   Top    Selector   Space  Class

                reset_vec                      000000  000004  000004         0       0  CODE    
                bssCOMRAM                      000001  000058  000059         1       1  COMRAM  
                dataBANK0                      000060  00000C  00006C        60       1  BANK0   
                smallconst                     000800  0000A0  0008A0       400       0  SMALLCON
                text17                         0008A0  001163  001A03       450       0  CODE    
                text33                         001A04  00000E  001A12       D02       0  CODE    


UNUSED ADDRESS RANGES

        Name                Unused          Largest block    Delta
        BANK0            00006C-0000FF               94
        BANK1            000100-0001FF              100
        BANK2            000200-0002FF              100
        BANK3            000300-0003FF              100
        BANK4            000400-0004FF              100
        BANK5            000500-0005FF              100
        BANK6            000600-0006FF              100
        BANK7            000700-0007FF              100
        BIGRAM           000059-00005F                7
                         00006C-0007FF              794
        BIGSFR           000F60-000FFF               A0
        CODE             000004-0007FF              7FC
                         001A03-001A03                1
                         001A12-007FFF             65EE
        COMRAM           000059-00005F                7
        CONFIG           300008-30000D                6
        CONST            000004-0007FF              7FC
                         001A03-001A03                1
                         001A12-007FFF             65EE
        EEDATA           F00000-F000FF              100
        IDLOC            200000-200007                8
        MEDIUMCONST      001A03-001A03                1
                         001A12-007FFF             65EE
        RAM              00006C-0007FF              100
        SFR              000F60-000FFF               A0
        SMALLCONST       001A03-001A03                1
                         001A12-007FFF              100

                                  Symbol Table

?___awdiv                   cstackCOMRAM 00002E
?___awmod                   cstackCOMRAM 000036
?___wmul                    cstackCOMRAM 000036
?_adcRead                   cstackCOMRAM 00002E
?_bcd2dec                   cstackCOMRAM 000040
?_dec2bcd                   cstackCOMRAM 00003C
?_digitalRead               cstackCOMRAM 00002E
?_dsReadData                cstackCOMRAM 00003B
Delay2ms@j                  cstackCOMRAM 00002E
Delay2ms@k                  cstackCOMRAM 00002F
Delay40us@j                 cstackCOMRAM 00002E
_Delay2ms                   text35       00186C
_Delay40us                  text34       001996
_I2C_delay                  text18       001A10
_LATA                       (abs)        000F89
_PORTA                      (abs)        000F80
_PORTB                      (abs)        000F81
_PORTC                      (abs)        000F82
_PORTD                      (abs)        000F83
_PORTE                      (abs)        000F84
_TRISA                      (abs)        000F92
_TRISB                      (abs)        000F93
_TRISC                      (abs)        000F94
_TRISD                      (abs)        000F95
_TRISE                      (abs)        000F96
__HRAM                      (abs)        000000
__H__absolute__             __absolute__ 000000
__Habs1                     abs1         000000
__Hbank0                    bank0        000000
__Hbank1                    bank1        000000
__Hbank2                    bank2        000000
__Hbank3                    bank3        000000
__Hbank4                    bank4        000000
__Hbank5                    bank5        000000
__Hbank6                    bank6        000000
__Hbank7                    bank7        000000
__Hbigbss                   bigbss       000000
__Hbigdata                  bigdata      000000
__Hbigram                   bigram       000000
__Hbigsfr                   bigsfr       000000
__Hbss                      bss          000000
__HbssCOMRAM                bssCOMRAM    000000
__Hcinit                    cinit        000000
__Hclrtext                  clrtext      000000
__Hcomram                   comram       000000
__Hconfig                   config       300008
__Hconst                    const        000000
__HcstackCOMRAM             cstackCOMRAM 000000
__Hdata                     data         000000
__HdataBANK0                dataBANK0    000000
__HdataCOMRAM               dataCOMRAM   000000
__Heeprom_data              eeprom_data  000000
__Hfarbss                   farbss       000000
__Hfardata                  fardata      000000
__Hheap                     heap         000000
__Hibigdata                 ibigdata     000000
__Hidata                    idata        000000
__HidataBANK0               idataBANK0   000000
__HidataCOMRAM              idataCOMRAM  000000
__Hidloc                    idloc        000000
__Hifardata                 ifardata     000000
__Hinit                     init         000004
__Hintcode                  intcode      000000
__Hintcode_body             intcode_body 000000
__Hintcodelo                intcodelo    000000
__Hintentry                 intentry     000000
__Hintret                   intret       000000
__Hintsave_regs             intsave_regs 000000
__Hirdata                   irdata       000000
__Hmediumconst              mediumconst  000000
__HnvFARRAM                 nvFARRAM     000000
__Hnvbit                    nvbit        000000
__Hnvrram                   nvrram       000000
__Hparam                    rparam       000000
__Hpowerup                  powerup      000000
__Hram                      ram          000000
__Hramtop                   ramtop       000800
__Hrbit                     rbit         000000
__Hrbss                     rbss         000000
__Hrdata                    rdata        000000
__Hreset_vec                reset_vec    000000
__Hrparam                   rparam       000000
__Hsfr                      sfr          000000
__Hsivt_hi                  sivt_hi      000000
__Hsivt_lo                  sivt_lo      000000
__Hsmallconst               smallconst   0008A0
__Hspace_0                  (abs)        001A12
__Hspace_1                  (abs)        00006C
__Hspace_2                  (abs)        000000
__Hspace_4                  (abs)        600008
__Hstack                    stack        000000
__Hstruct                   struct       000000
__Htemp                     temp         000000
__Htext                     text         000000
__Htext0                    text0        000000
__Htext1                    text1        000000
__Htext10                   text10       000000
__Htext11                   text11       000000
__Htext12                   text12       000000
__Htext13                   text13       000000
__Htext14                   text14       000000
__Htext15                   text15       000000
__Htext16                   text16       000000
__Htext17                   text17       000000
__Htext18                   text18       000000
__Htext19                   text19       000000
__Htext2                    text2        000000
__Htext20                   text20       000000
__Htext21                   text21       000000
__Htext22                   text22       000000
__Htext23                   text23       000000
__Htext24                   text24       000000
__Htext25                   text25       000000
__Htext26                   text26       000000
__Htext27                   text27       000000
__Htext28                   text28       000000
__Htext29                   text29       000000
__Htext3                    text3        000000
__Htext30                   text30       000000
__Htext31                   text31       000000
__Htext32                   text32       000000
__Htext33                   text33       000000
__Htext34                   text34       000000
__Htext35                   text35       000000
__Htext36                   text36       000000
__Htext37                   text37       000000
__Htext38                   text38       000000
__Htext39                   text39       000000
__Htext4                    text4        000000
__Htext40                   text40       000000
__Htext5                    text5        000000
__Htext6                    text6        000000
__Htext7                    text7        000000
__Htext8                    text8        000000
__Htext9                    text9        000000
__LRAM                      (abs)        000001
__L__absolute__             __absolute__ 000000
__Labs1                     abs1         000000
__Lbank0                    bank0        000000
__Lbank1                    bank1        000000
__Lbank2                    bank2        000000
__Lbank3                    bank3        000000
__Lbank4                    bank4        000000
__Lbank5                    bank5        000000
__Lbank6                    bank6        000000
__Lbank7                    bank7        000000
__Lbigbss                   bigbss       000000
__Lbigdata                  bigdata      000000
__Lbigram                   bigram       000000
__Lbigsfr                   bigsfr       000000
__Lbss                      bss          000000
__LbssCOMRAM                bssCOMRAM    000000
__Lcinit                    cinit        000000
__Lclrtext                  clrtext      000000
__Lcomram                   comram       000000
__Lconfig                   config       000000
__Lconst                    const        000000
__LcstackCOMRAM             cstackCOMRAM 000000
__Ldata                     data         000000
__LdataBANK0                dataBANK0    000000
__LdataCOMRAM               dataCOMRAM   000000
__Leeprom_data              eeprom_data  000000
__Lfarbss                   farbss       000000
__Lfardata                  fardata      000000
__Lheap                     heap         000000
__Libigdata                 ibigdata     000000
__Lidata                    idata        000000
__LidataBANK0               idataBANK0   000000
__LidataCOMRAM              idataCOMRAM  000000
__Lidloc                    idloc        000000
__Lifardata                 ifardata     000000
__Linit                     init         000000
__Lintcode                  intcode      000000
__Lintcode_body             intcode_body 000000
__Lintcodelo                intcodelo    000000
__Lintentry                 intentry     000000
__Lintret                   intret       000000
__Lintsave_regs             intsave_regs 000000
__Lirdata                   irdata       000000
__Lmediumconst              mediumconst  000000
__LnvFARRAM                 nvFARRAM     000000
__Lnvbit                    nvbit        000000
__Lnvrram                   nvrram       000000
__Lparam                    rparam       000000
__Lpowerup                  powerup      000000
__Lram                      ram          000000
__Lramtop                   ramtop       000800
__Lrbit                     rbit         000000
__Lrbss                     rbss         000000
__Lrdata                    rdata        000000
__Lreset_vec                reset_vec    000000
__Lrparam                   rparam       000000
__Lsfr                      sfr          000000
__Lsivt_hi                  sivt_hi      000000
__Lsivt_lo                  sivt_lo      000000
__Lsmallconst               smallconst   000800
__Lspace_0                  (abs)        000000
__Lspace_1                  (abs)        000000
__Lspace_2                  (abs)        000000
__Lspace_4                  (abs)        000000
__Lstack                    stack        000000
__Lstruct                   struct       000000
__Ltemp                     temp         000000
__Ltext                     text         000000
__Ltext0                    text0        000000
__Ltext1                    text1        000000
__Ltext10                   text10       000000
__Ltext11                   text11       000000
__Ltext12                   text12       000000
__Ltext13                   text13       000000
__Ltext14                   text14       000000
__Ltext15                   text15       000000
__Ltext16                   text16       000000
__Ltext17                   text17       000000
__Ltext18                   text18       000000
__Ltext19                   text19       000000
__Ltext2                    text2        000000
__Ltext20                   text20       000000
__Ltext21                   text21       000000
__Ltext22                   text22       000000
__Ltext23                   text23       000000
__Ltext24                   text24       000000
__Ltext25                   text25       000000
__Ltext26                   text26       000000
__Ltext27                   text27       000000
__Ltext28                   text28       000000
__Ltext29                   text29       000000
__Ltext3                    text3        000000
__Ltext30                   text30       000000
__Ltext31                   text31       000000
__Ltext32                   text32       000000
__Ltext33                   text33       000000
__Ltext34                   text34       000000
__Ltext35                   text35       000000
__Ltext36                   text36       000000
__Ltext37                   text37       000000
__Ltext38                   text38       000000
__Ltext39                   text39       000000
__Ltext4                    text4        000000
__Ltext40                   text40       000000
__Ltext5                    text5        000000
__Ltext6                    text6        000000
__Ltext7                    text7        000000
__Ltext8                    text8        000000
__Ltext9                    text9        000000
__S0                        (abs)        001A12
__S1                        (abs)        00006C
__S4                        (abs)        000000
__S5                        (abs)        000000
___awdiv                    text29       001162
___awdiv@counter            cstackCOMRAM 000032
___awdiv@dividend           cstackCOMRAM 00002E
___awdiv@divisor            cstackCOMRAM 000030
___awdiv@quotient           cstackCOMRAM 000034
___awdiv@sign               cstackCOMRAM 000033
___awmod                    text28       001226
___awmod@counter            cstackCOMRAM 00003A
___awmod@dividend           cstackCOMRAM 000036
___awmod@divisor            cstackCOMRAM 000038
___awmod@sign               cstackCOMRAM 00003B
___heap_hi                  (abs)        000000
___heap_lo                  (abs)        000000
___inthi_sp                 stack        000000
___inthi_stack_hi           stack        000000
___inthi_stack_lo           stack        000000
___intlo_sp                 stack        000000
___intlo_stack_hi           stack        000000
___intlo_stack_lo           stack        000000
___param_bank               (abs)        000000
___rparam_used              (abs)        000001
___sp                       stack        000000
___stack_hi                 stack        000000
___stack_lo                 stack        000000
___wmul                     text27       001918
___wmul@multiplicand        cstackCOMRAM 000038
___wmul@multiplier          cstackCOMRAM 000036
___wmul@product             cstackCOMRAM 00003A
__accesstop                 (abs)        000060
__activetblptr              (abs)        000002
__end_of_Delay2ms           text35       00189A
__end_of_Delay40us          text34       0019AE
__end_of_I2C_delay          text18       001A12
__end_of___awdiv            text29       001226
__end_of___awmod            text28       0012D6
__end_of___wmul             text27       00193E
__end_of__initialization    cinit        00152C
__end_of_adcInit            text40       0019D4
__end_of_adcRead            text39       0017DE
__end_of_bcd2dec            text20       001738
__end_of_clear_SCL          text16       0018EE
__end_of_clear_SDA          text11       0018C4
__end_of_dec2bcd            text19       001428
__end_of_digitalRead        text15       00109A
__end_of_digitalWrite       text17       000AEE
__end_of_dsInit             text36       001A10
__end_of_dsReadData         text5        0016B0
__end_of_dsWriteData        text4        00183E
__end_of_eventInit          text22       0019C4
__end_of_i2cInit            text37       001918
__end_of_i2cReadByte        text8        00158A
__end_of_i2cWriteByte       text6        001488
__end_of_i2c_read_bit       text12       001810
__end_of_i2c_start          text7        0016F6
__end_of_i2c_stop           text10       00186C
__end_of_i2c_write_bit      text9        0014E0
__end_of_kpInit             text23       0019F0
__end_of_lcdCommand         text31       00166A
__end_of_lcdCommand4bits    text32       0013C6
__end_of_lcdData            text26       00197C
__end_of_lcdInit            text30       00134E
__end_of_lcdInt             text25       001162
__end_of_main               text0        0015D8
__end_of_pinMode            text38       000D3C
__end_of_pulseEnable        text33       001A0A
__end_of_read_SCL           text14       0017A8
__end_of_read_SDA           text13       001770
__end_of_serialInit         text24       001996
__end_of_setAlarmLevel      text3        001622
__end_of_setState           text21       0019E2
__end_of_smInit             text1        00195E
__end_of_valor@ssd$F319     smallconst   000811
__end_of_varInit            text2        000F30
__initialization            cinit        0014E0
__mediumconst               mediumconst  000000
__pbssCOMRAM                bssCOMRAM    000001
__pcinit                    cinit        0014E0
__pcstackCOMRAM             cstackCOMRAM 00002E
__pdataBANK0                dataBANK0    000060
__pdataCOMRAM               dataCOMRAM   000052
__pidataBANK0               idataBANK0   0019F0
__pidataCOMRAM              idataCOMRAM  0019FC
__psmallconst               smallconst   000800
__ptext0                    text0        00158A
__ptext1                    text1        00193E
__ptext10                   text10       00183E
__ptext11                   text11       00189A
__ptext12                   text12       0017DE
__ptext13                   text13       001738
__ptext14                   text14       001770
__ptext15                   text15       000F30
__ptext16                   text16       0018C4
__ptext17                   text17       0008A0
__ptext18                   text18       001A10
__ptext19                   text19       0013C6
__ptext2                    text2        000D3C
__ptext20                   text20       0016F6
__ptext21                   text21       0019D4
__ptext22                   text22       0019AE
__ptext23                   text23       0019E2
__ptext24                   text24       00197C
__ptext25                   text25       00109A
__ptext26                   text26       00195E
__ptext27                   text27       001918
__ptext28                   text28       001226
__ptext29                   text29       001162
__ptext3                    text3        0015D8
__ptext30                   text30       0012D6
__ptext31                   text31       001622
__ptext32                   text32       00134E
__ptext33                   text33       001A04
__ptext34                   text34       001996
__ptext35                   text35       00186C
__ptext36                   text36       001A0A
__ptext37                   text37       0018EE
__ptext38                   text38       000AEE
__ptext39                   text39       0017A8
__ptext4                    text4        001810
__ptext40                   text40       0019C4
__ptext5                    text5        00166A
__ptext6                    text6        001428
__ptext7                    text7        0016B0
__ptext8                    text8        001536
__ptext9                    text9        001488
__ramtop                    ramtop       000800
__smallconst                smallconst   000800
_adcInit                    text40       0019C4
_adcRead                    text39       0017A8
_alarmLevelHigh             bssCOMRAM    000018
_alarmLevelLow              bssCOMRAM    000017
_bcd2dec                    text20       0016F6
_clear_SCL                  text16       0018C4
_clear_SDA                  text11       00189A
_de                         bssCOMRAM    000023
_dec2bcd                    text19       0013C6
_digitalRead                text15       000F30
_digitalWrite               text17       0008A0
_display                    bssCOMRAM    000021
_dsInit                     text36       001A0A
_dsReadData                 text5        00166A
_dsWriteData                text4        001810
_estado_ant                 bssCOMRAM    00001B
_ev_ant                     bssCOMRAM    000014
_eventInit                  text22       0019AE
_i2cInit                    text37       0018EE
_i2cReadByte                text8        001536
_i2cWriteByte               text6        001428
_i2c_read_bit               text12       0017DE
_i2c_start                  text7        0016B0
_i2c_stop                   text10       00183E
_i2c_write_bit              text9        001488
_index                      bssCOMRAM    000016
_key                        bssCOMRAM    000010
_key_ant                    bssCOMRAM    000012
_kpInit                     text23       0019E2
_language                   bssCOMRAM    000019
_lcdCommand                 text31       001622
_lcdCommand4bits            text32       00134E
_lcdData                    text26       00195E
_lcdInit                    text30       0012D6
_lcdInt                     text25       00109A
_main                       text0        00158A
_msgs                       dataBANK0    000060
_pinMode                    text38       000AEE
_prot                       bssCOMRAM    000028
_prot_ready                 bssCOMRAM    00001C
_pulseEnable                text33       001A04
_read_SCL                   text14       001770
_read_SDA                   text13       001738
_serialInit                 text24       00197C
_setAlarmLevel              text3        0015D8
_setState                   text21       0019D4
_smInit                     text1        00193E
_started                    bssCOMRAM    000022
_state                      bssCOMRAM    00001A
_t                          bssCOMRAM    000006
_time                       bssCOMRAM    00000A
_v0                         bssCOMRAM    000020
_v1                         bssCOMRAM    00001F
_v2                         bssCOMRAM    00001E
_v3                         bssCOMRAM    00001D
_valor                      bssCOMRAM    000027
_valor@ssd$F319             smallconst   000801
_varInit                    text2        000D3C
_varInit$520                cstackCOMRAM 00004A
_varInit$521                cstackCOMRAM 00004C
_varInit$522                cstackCOMRAM 00004E
adcRead@ADvalor             cstackCOMRAM 000030
bcd2dec@value               cstackCOMRAM 000040
dec2bcd@value               cstackCOMRAM 00003C
digitalRead@pin             cstackCOMRAM 00002E
digitalWrite@pin            cstackCOMRAM 00002E
digitalWrite@value          cstackCOMRAM 000030
dsReadData@address          cstackCOMRAM 00003B
dsReadData@result           cstackCOMRAM 00003E
dsWriteData@address         cstackCOMRAM 000042
dsWriteData@value           cstackCOMRAM 000044
end_of_initialization       cinit        00152C
i2cReadByte@bit             cstackCOMRAM 000038
i2cReadByte@byte            cstackCOMRAM 00003A
i2cReadByte@nack            cstackCOMRAM 000037
i2cReadByte@send_stop       cstackCOMRAM 000035
i2cWriteByte@bit            cstackCOMRAM 000038
i2cWriteByte@byte           cstackCOMRAM 000036
i2cWriteByte@send_start     cstackCOMRAM 000037
i2cWriteByte@send_stop      cstackCOMRAM 000035
i2c_read_bit@bit            cstackCOMRAM 000034
i2c_write_bit@bit           cstackCOMRAM 000034
intlevel0                   text         000000
intlevel1                   text         000000
intlevel2                   text         000000
intlevel3                   text         000000
isa$std                     (abs)        000001
isa$xinst                   (abs)        000000
kpDebounce@F15              dataCOMRAM   000052
kpDebounce@tempo            bssCOMRAM    000026
kpDebounce@valorAntigo      bssCOMRAM    000024
kpDebounce@valorNovo        bssCOMRAM    000025
lcdCommand4bits@cmd         cstackCOMRAM 00002F
lcdCommand4bits@data        cstackCOMRAM 00002E
lcdCommand@cmd              cstackCOMRAM 000030
lcdData@valor               cstackCOMRAM 000030
lcdInit@i                   cstackCOMRAM 000031
lcdInt@digNum               cstackCOMRAM 00003E
lcdInt@divisor              cstackCOMRAM 000042
lcdInt@i                    cstackCOMRAM 000044
lcdInt@j                    cstackCOMRAM 000040
lcdInt@val                  cstackCOMRAM 00003C
main@v                      cstackCOMRAM 000050
pinMode@pin                 cstackCOMRAM 00002E
pinMode@type                cstackCOMRAM 000030
setAlarmLevel@lh            cstackCOMRAM 000047
setAlarmLevel@newAlarmLevel cstackCOMRAM 000045
setState@newState           cstackCOMRAM 000031
stackhi                     (abs)        000000
stacklo                     (abs)        000000
start                       init         000000
start_initialization        cinit        0014E0


MODULE INFORMATION

Module		Function		Class		Link	Load	Size
serial.c
		_serialInit    		CODE           	197C	0000	26

serial.c estimated size: 26

stateMachine.c
		_smInit        		CODE           	193E	0000	32

stateMachine.c estimated size: 32

keypad.c
		_kpInit        		CODE           	19E2	0000	14

keypad.c estimated size: 14

C:\Program Files\Microchip\xc8\v2.46\pic\sources\c99\common\awdiv.c
		___awdiv       		CODE           	1162	0000	196

C:\Program Files\Microchip\xc8\v2.46\pic\sources\c99\common\awdiv.c estimated size: 196

var.c
		_varInit       		CODE           	0D3C	0000	500
		_setAlarmLevel 		CODE           	15D8	0000	74
		_setState      		CODE           	19D4	0000	14

var.c estimated size: 588

io.c
		_digitalRead   		CODE           	0F30	0000	362
		_digitalWrite  		CODE           	08A0	0000	590
		_pinMode       		CODE           	0AEE	0000	590

io.c estimated size: 1542

ds1307.c
		_dsInit        		CODE           	1A0A	0000	6
		_dec2bcd       		CODE           	13C6	0000	98
		_dsWriteData   		CODE           	1810	0000	46
		_dsReadData    		CODE           	166A	0000	70
		_bcd2dec       		CODE           	16F6	0000	66

ds1307.c estimated size: 286

adc.c
		_adcRead       		CODE           	17A8	0000	54
		_adcInit       		CODE           	19C4	0000	16

adc.c estimated size: 70

shared
		__initialization		CODE           	14E0	0000	76
		_valor@ssd$F319		SMALLCONST     	0801	0000	16

shared estimated size: 92

C:\Program Files\Microchip\xc8\v2.46\pic\sources\c99\common\Umul16.c
		___wmul        		CODE           	1918	0000	38

C:\Program Files\Microchip\xc8\v2.46\pic\sources\c99\common\Umul16.c estimated size: 38

lcd.c
		_lcdCommand    		CODE           	1622	0000	72
		_pulseEnable   		CODE           	1A04	0000	6
		_lcdCommand4bits		CODE           	134E	0000	120
		_Delay40us     		CODE           	1996	0000	24
		_lcdInt        		CODE           	109A	0000	200
		_lcdInit       		CODE           	12D6	0000	120
		_lcdData       		CODE           	195E	0000	30
		_Delay2ms      		CODE           	186C	0000	46

lcd.c estimated size: 618

C:\Program Files\Microchip\xc8\v2.46\pic\sources\c99\common\awmod.c
		___awmod       		CODE           	1226	0000	176

C:\Program Files\Microchip\xc8\v2.46\pic\sources\c99\common\awmod.c estimated size: 176

event.c
		_eventInit     		CODE           	19AE	0000	22

event.c estimated size: 22

main.c
		_main          		CODE           	158A	0000	78

main.c estimated size: 78

soft_i2c.c
		_i2c_start     		CODE           	16B0	0000	70
		_i2cReadByte   		CODE           	1536	0000	84
		_read_SCL      		CODE           	1770	0000	56
		_I2C_delay     		CODE           	1A10	0000	2
		_clear_SDA     		CODE           	189A	0000	42
		_clear_SCL     		CODE           	18C4	0000	42
		_i2cWriteByte  		CODE           	1428	0000	96
		_i2cInit       		CODE           	18EE	0000	42
		_i2c_stop      		CODE           	183E	0000	46
		_i2c_write_bit 		CODE           	1488	0000	88
		_i2c_read_bit  		CODE           	17DE	0000	50
		_read_SDA      		CODE           	1738	0000	56

soft_i2c.c estimated size: 674

